Archive member included because of file (symbol)

c:/program files (x86)/atmel/atmel toolchain/avr8 gcc/native/3.4.1056/avr8-gnu-toolchain/bin/../lib/gcc/avr/4.8.1/avr51\libgcc.a(_udivmodhi4.o)
                              Drivers/Ethernet/EthernetDriver.o (__udivmodhi4)
c:/program files (x86)/atmel/atmel toolchain/avr8 gcc/native/3.4.1056/avr8-gnu-toolchain/bin/../lib/gcc/avr/4.8.1/avr51\libgcc.a(_udivmodsi4.o)
                              Program/ProgramDriver.o (__udivmodsi4)
c:/program files (x86)/atmel/atmel toolchain/avr8 gcc/native/3.4.1056/avr8-gnu-toolchain/bin/../lib/gcc/avr/4.8.1/avr51\libgcc.a(_exit.o)
                              c:/program files (x86)/atmel/atmel toolchain/avr8 gcc/native/3.4.1056/avr8-gnu-toolchain/bin/../lib/gcc/avr/4.8.1/../../../../avr/lib/avr51/crtm1280.o (exit)
c:/program files (x86)/atmel/atmel toolchain/avr8 gcc/native/3.4.1056/avr8-gnu-toolchain/bin/../lib/gcc/avr/4.8.1/avr51\libgcc.a(_copy_data.o)
                              Controller/ClientController.o (__do_copy_data)
c:/program files (x86)/atmel/atmel toolchain/avr8 gcc/native/3.4.1056/avr8-gnu-toolchain/bin/../lib/gcc/avr/4.8.1/avr51\libgcc.a(_clear_bss.o)
                              Controller/ClientController.o (__do_clear_bss)
c:/program files (x86)/atmel/atmel toolchain/avr8 gcc/native/3.4.1056/avr8-gnu-toolchain/bin/../lib/gcc/avr/4.8.1/../../../../avr/lib/avr51\libc.a(strcat.o)
                              Controller/ClientController.o (strcat)
c:/program files (x86)/atmel/atmel toolchain/avr8 gcc/native/3.4.1056/avr8-gnu-toolchain/bin/../lib/gcc/avr/4.8.1/../../../../avr/lib/avr51\libc.a(strcpy.o)
                              Controller/ClientController.o (strcpy)
c:/program files (x86)/atmel/atmel toolchain/avr8 gcc/native/3.4.1056/avr8-gnu-toolchain/bin/../lib/gcc/avr/4.8.1/../../../../avr/lib/avr51\libc.a(fputc.o)
                              Drivers/Print/PrintDriver.o (fputc)
c:/program files (x86)/atmel/atmel toolchain/avr8 gcc/native/3.4.1056/avr8-gnu-toolchain/bin/../lib/gcc/avr/4.8.1/../../../../avr/lib/avr51\libc.a(iob.o)
                              Drivers/Print/PrintDriver.o (__iob)
c:/program files (x86)/atmel/atmel toolchain/avr8 gcc/native/3.4.1056/avr8-gnu-toolchain/bin/../lib/gcc/avr/4.8.1/../../../../avr/lib/avr51\libc.a(printf.o)
                              Controller/ClientController.o (printf)
c:/program files (x86)/atmel/atmel toolchain/avr8 gcc/native/3.4.1056/avr8-gnu-toolchain/bin/../lib/gcc/avr/4.8.1/../../../../avr/lib/avr51\libc.a(putchar.o)
                              Controller/ClientController.o (putchar)
c:/program files (x86)/atmel/atmel toolchain/avr8 gcc/native/3.4.1056/avr8-gnu-toolchain/bin/../lib/gcc/avr/4.8.1/../../../../avr/lib/avr51\libc.a(puts.o)
                              Controller/ClientController.o (puts)
c:/program files (x86)/atmel/atmel toolchain/avr8 gcc/native/3.4.1056/avr8-gnu-toolchain/bin/../lib/gcc/avr/4.8.1/../../../../avr/lib/avr51\libc.a(vfprintf_std.o)
                              c:/program files (x86)/atmel/atmel toolchain/avr8 gcc/native/3.4.1056/avr8-gnu-toolchain/bin/../lib/gcc/avr/4.8.1/../../../../avr/lib/avr51\libc.a(printf.o) (vfprintf)
c:/program files (x86)/atmel/atmel toolchain/avr8 gcc/native/3.4.1056/avr8-gnu-toolchain/bin/../lib/gcc/avr/4.8.1/../../../../avr/lib/avr51\libc.a(strnlen_P.o)
                              c:/program files (x86)/atmel/atmel toolchain/avr8 gcc/native/3.4.1056/avr8-gnu-toolchain/bin/../lib/gcc/avr/4.8.1/../../../../avr/lib/avr51\libc.a(vfprintf_std.o) (strnlen_P)
c:/program files (x86)/atmel/atmel toolchain/avr8 gcc/native/3.4.1056/avr8-gnu-toolchain/bin/../lib/gcc/avr/4.8.1/../../../../avr/lib/avr51\libc.a(strnlen.o)
                              c:/program files (x86)/atmel/atmel toolchain/avr8 gcc/native/3.4.1056/avr8-gnu-toolchain/bin/../lib/gcc/avr/4.8.1/../../../../avr/lib/avr51\libc.a(vfprintf_std.o) (strnlen)
c:/program files (x86)/atmel/atmel toolchain/avr8 gcc/native/3.4.1056/avr8-gnu-toolchain/bin/../lib/gcc/avr/4.8.1/../../../../avr/lib/avr51\libc.a(ultoa_invert.o)
                              c:/program files (x86)/atmel/atmel toolchain/avr8 gcc/native/3.4.1056/avr8-gnu-toolchain/bin/../lib/gcc/avr/4.8.1/../../../../avr/lib/avr51\libc.a(vfprintf_std.o) (__ultoa_invert)

Allocating common symbols
Common symbol       size              file

filepath            0x64              Controller/ClientController.o
endHeaderFlag       0x1               Drivers/Wifi/WifiDriver.o
hexRow              0x32              Hex/IntelHex.o
S0_TX_MASK          0x2               Drivers/Ethernet/EthernetDriver.o
multiReceiveFlag    0x1               Drivers/Wifi/WifiDriver.o
signatureBytes      0x4               Controller/ClientController.o
headerBuffer        0x9               Drivers/Wifi/WifiDriver.o
S0_TX_BASE          0x2               Drivers/Ethernet/EthernetDriver.o
buff                0x1               Drivers/Wifi/WifiDriver.o
compressBuff        0x1               Drivers/Wifi/WifiDriver.o
httpBuff            0x96              Drivers/Ethernet/Ethernet.o
testPrint           0x2               Drivers/Wifi/WifiDriver.o
i                   0x2               Drivers/Wifi/WifiDriver.o
secondNibble        0x1               Drivers/Wifi/WifiDriver.o
RAMOffset           0x2               Hex/IntelHex.o
S0_RX_BASE          0x2               Drivers/Ethernet/EthernetDriver.o
compressFlag        0x1               Drivers/Wifi/WifiDriver.o
transLength         0x2               Drivers/Wifi/WifiDriver.o
RAMAddress          0x4               Drivers/Wifi/WifiDriver.o
Flags               0x6               Controller/ClientController.o
S0_RX_MASK          0x2               Drivers/Ethernet/EthernetDriver.o
bufferStart         0x2               Drivers/Wifi/WifiDriver.o
__iob               0x6               c:/program files (x86)/atmel/atmel toolchain/avr8 gcc/native/3.4.1056/avr8-gnu-toolchain/bin/../lib/gcc/avr/4.8.1/../../../../avr/lib/avr51\libc.a(iob.o)
receiveWifiFlag     0x1               Drivers/Wifi/WifiDriver.o
fullCommand         0x64              Drivers/Wifi/WifiDriver.o
ShiftRegData        0x1e              Drivers/Voltage_Switching/SwitchingCircuitry.o

Discarded input sections

 .bss           0x00000000        0x0 c:/program files (x86)/atmel/atmel toolchain/avr8 gcc/native/3.4.1056/avr8-gnu-toolchain/bin/../lib/gcc/avr/4.8.1/../../../../avr/lib/avr51/crtm1280.o
 .text          0x00000000        0x0 Controller/ClientController.o
 .bss           0x00000000        0x0 Controller/ClientController.o
 .text.pollingInit
                0x00000000       0x1a Controller/ClientController.o
 .text.checkWifiStatus
                0x00000000        0xe Controller/ClientController.o
 .text.sendAvailableNetworks
                0x00000000       0xc4 Controller/ClientController.o
 .text          0x00000000        0x0 Drivers/Ethernet/Ethernet.o
 .bss           0x00000000        0x0 Drivers/Ethernet/Ethernet.o
 .text.getFileEthernet
                0x00000000       0xc8 Drivers/Ethernet/Ethernet.o
 .text.sendRequestEthernet
                0x00000000        0x2 Drivers/Ethernet/Ethernet.o
 .text          0x00000000        0x0 Drivers/Ethernet/EthernetDriver.o
 .bss           0x00000000        0x0 Drivers/Ethernet/EthernetDriver.o
 .text.ReceiveSize
                0x00000000       0x28 Drivers/Ethernet/EthernetDriver.o
 .text.ReceiveData
                0x00000000      0x140 Drivers/Ethernet/EthernetDriver.o
 .text.SocketDisconnect
                0x00000000       0x14 Drivers/Ethernet/EthernetDriver.o
 .text.EnableEthernetInterrupt
                0x00000000       0x16 Drivers/Ethernet/EthernetDriver.o
 .text.ResolveIP
                0x00000000        0xe Drivers/Ethernet/EthernetDriver.o
 .text.getReceiveFlag
                0x00000000        0xa Drivers/Ethernet/EthernetDriver.o
 .bss.receiveFlag
                0x00000000        0x2 Drivers/Ethernet/EthernetDriver.o
 .text          0x00000000        0x0 Drivers/FPGA/FPGA.o
 .bss           0x00000000        0x0 Drivers/FPGA/FPGA.o
 .text          0x00000000        0x0 Drivers/Print/PrintDriver.o
 .bss           0x00000000        0x0 Drivers/Print/PrintDriver.o
 .text.uart_flush
                0x00000000       0x10 Drivers/Print/PrintDriver.o
 .text.uart_putch
                0x00000000       0x22 Drivers/Print/PrintDriver.o
 .text.uart_getch
                0x00000000       0x1e Drivers/Print/PrintDriver.o
 .text.ansi_cl  0x00000000       0x54 Drivers/Print/PrintDriver.o
 .text.ansi_me  0x00000000       0x3c Drivers/Print/PrintDriver.o
 .text.UARTStream_Init
                0x00000000       0x2c Drivers/Print/PrintDriver.o
 .text          0x00000000        0x0 Drivers/RAM/RAMDriver.o
 .bss           0x00000000        0x0 Drivers/RAM/RAMDriver.o
 .text.setSPIClockDiv
                0x00000000        0x6 Drivers/RAM/RAMDriver.o
 .text.getRAMStatus
                0x00000000       0x1c Drivers/RAM/RAMDriver.o
 .text.RAMWrite
                0x00000000       0x70 Drivers/RAM/RAMDriver.o
 .text.RAMRead  0x00000000       0x56 Drivers/RAM/RAMDriver.o
 .text          0x00000000        0x0 Drivers/Voltage_Switching/SwitchingCircuitry.o
 .bss           0x00000000        0x0 Drivers/Voltage_Switching/SwitchingCircuitry.o
 .text.SwitchingCircuitryEnable
                0x00000000       0x34 Drivers/Voltage_Switching/SwitchingCircuitry.o
 .text.ClearShiftRegData
                0x00000000       0x24 Drivers/Voltage_Switching/SwitchingCircuitry.o
 .text          0x00000000        0x0 Drivers/Voltage_Switching/VoltageControlDriver.o
 .bss           0x00000000        0x0 Drivers/Voltage_Switching/VoltageControlDriver.o
 .text.VppClear
                0x00000000        0xa Drivers/Voltage_Switching/VoltageControlDriver.o
 .text.VccClear
                0x00000000        0xa Drivers/Voltage_Switching/VoltageControlDriver.o
 .text.VLogicClear
                0x00000000        0xa Drivers/Voltage_Switching/VoltageControlDriver.o
 .text          0x00000000        0x0 Drivers/Wifi/Wifi.o
 .bss           0x00000000        0x0 Drivers/Wifi/Wifi.o
 .text.wifiInit
                0x00000000        0x4 Drivers/Wifi/Wifi.o
 .text.setMachineMode
                0x00000000       0x40 Drivers/Wifi/Wifi.o
 .text.setHumanMode
                0x00000000       0x3c Drivers/Wifi/Wifi.o
 .text.networkScan
                0x00000000       0x26 Drivers/Wifi/Wifi.o
 .text.networkConnect
                0x00000000       0x28 Drivers/Wifi/Wifi.o
 .text.networkTest
                0x00000000       0x3e Drivers/Wifi/Wifi.o
 .text.serverConnect
                0x00000000       0x4a Drivers/Wifi/Wifi.o
 .text.networkQueryString
                0x00000000      0x126 Drivers/Wifi/Wifi.o
 .text          0x00000000        0x0 Drivers/Wifi/WifiDriver.o
 .bss           0x00000000        0x0 Drivers/Wifi/WifiDriver.o
 .text.wifiDriverInit
                0x00000000       0x54 Drivers/Wifi/WifiDriver.o
 .text.setTestPrint
                0x00000000        0xa Drivers/Wifi/WifiDriver.o
 .text.setCompressFlag
                0x00000000        0x6 Drivers/Wifi/WifiDriver.o
 .text.setMultiReceiveFlag
                0x00000000        0x6 Drivers/Wifi/WifiDriver.o
 .text.getStringLen
                0x00000000       0x12 Drivers/Wifi/WifiDriver.o
 .text.uart_receive
                0x00000000       0x80 Drivers/Wifi/WifiDriver.o
 .text.getReceiveBuffer
                0x00000000       0x18 Drivers/Wifi/WifiDriver.o
 .text.errorCheck
                0x00000000       0x24 Drivers/Wifi/WifiDriver.o
 .text          0x00000000        0x0 Hex/IntelHex.o
 .bss           0x00000000        0x0 Hex/IntelHex.o
 .text          0x00000000        0x0 Program/Program.o
 .bss           0x00000000        0x0 Program/Program.o
 .text.selectChip
                0x00000000       0x1c Program/Program.o
 .text          0x00000000        0x0 Program/ProgramDriver.o
 .bss           0x00000000        0x0 Program/ProgramDriver.o
 .text          0x00000000        0x0 wipro.o
 .bss           0x00000000        0x0 wipro.o
 .text          0x00000000        0x0 c:/program files (x86)/atmel/atmel toolchain/avr8 gcc/native/3.4.1056/avr8-gnu-toolchain/bin/../lib/gcc/avr/4.8.1/avr51\libgcc.a(_udivmodhi4.o)
 .bss           0x00000000        0x0 c:/program files (x86)/atmel/atmel toolchain/avr8 gcc/native/3.4.1056/avr8-gnu-toolchain/bin/../lib/gcc/avr/4.8.1/avr51\libgcc.a(_udivmodhi4.o)
 .text.libgcc.mul
                0x00000000        0x0 c:/program files (x86)/atmel/atmel toolchain/avr8 gcc/native/3.4.1056/avr8-gnu-toolchain/bin/../lib/gcc/avr/4.8.1/avr51\libgcc.a(_udivmodhi4.o)
 .text.libgcc   0x00000000        0x0 c:/program files (x86)/atmel/atmel toolchain/avr8 gcc/native/3.4.1056/avr8-gnu-toolchain/bin/../lib/gcc/avr/4.8.1/avr51\libgcc.a(_udivmodhi4.o)
 .text.libgcc.prologue
                0x00000000        0x0 c:/program files (x86)/atmel/atmel toolchain/avr8 gcc/native/3.4.1056/avr8-gnu-toolchain/bin/../lib/gcc/avr/4.8.1/avr51\libgcc.a(_udivmodhi4.o)
 .text.libgcc.builtins
                0x00000000        0x0 c:/program files (x86)/atmel/atmel toolchain/avr8 gcc/native/3.4.1056/avr8-gnu-toolchain/bin/../lib/gcc/avr/4.8.1/avr51\libgcc.a(_udivmodhi4.o)
 .text.libgcc.fmul
                0x00000000        0x0 c:/program files (x86)/atmel/atmel toolchain/avr8 gcc/native/3.4.1056/avr8-gnu-toolchain/bin/../lib/gcc/avr/4.8.1/avr51\libgcc.a(_udivmodhi4.o)
 .text.libgcc.fixed
                0x00000000        0x0 c:/program files (x86)/atmel/atmel toolchain/avr8 gcc/native/3.4.1056/avr8-gnu-toolchain/bin/../lib/gcc/avr/4.8.1/avr51\libgcc.a(_udivmodhi4.o)
 .text          0x00000000        0x0 c:/program files (x86)/atmel/atmel toolchain/avr8 gcc/native/3.4.1056/avr8-gnu-toolchain/bin/../lib/gcc/avr/4.8.1/avr51\libgcc.a(_udivmodsi4.o)
 .bss           0x00000000        0x0 c:/program files (x86)/atmel/atmel toolchain/avr8 gcc/native/3.4.1056/avr8-gnu-toolchain/bin/../lib/gcc/avr/4.8.1/avr51\libgcc.a(_udivmodsi4.o)
 .text.libgcc.mul
                0x00000000        0x0 c:/program files (x86)/atmel/atmel toolchain/avr8 gcc/native/3.4.1056/avr8-gnu-toolchain/bin/../lib/gcc/avr/4.8.1/avr51\libgcc.a(_udivmodsi4.o)
 .text.libgcc   0x00000000        0x0 c:/program files (x86)/atmel/atmel toolchain/avr8 gcc/native/3.4.1056/avr8-gnu-toolchain/bin/../lib/gcc/avr/4.8.1/avr51\libgcc.a(_udivmodsi4.o)
 .text.libgcc.prologue
                0x00000000        0x0 c:/program files (x86)/atmel/atmel toolchain/avr8 gcc/native/3.4.1056/avr8-gnu-toolchain/bin/../lib/gcc/avr/4.8.1/avr51\libgcc.a(_udivmodsi4.o)
 .text.libgcc.builtins
                0x00000000        0x0 c:/program files (x86)/atmel/atmel toolchain/avr8 gcc/native/3.4.1056/avr8-gnu-toolchain/bin/../lib/gcc/avr/4.8.1/avr51\libgcc.a(_udivmodsi4.o)
 .text.libgcc.fmul
                0x00000000        0x0 c:/program files (x86)/atmel/atmel toolchain/avr8 gcc/native/3.4.1056/avr8-gnu-toolchain/bin/../lib/gcc/avr/4.8.1/avr51\libgcc.a(_udivmodsi4.o)
 .text.libgcc.fixed
                0x00000000        0x0 c:/program files (x86)/atmel/atmel toolchain/avr8 gcc/native/3.4.1056/avr8-gnu-toolchain/bin/../lib/gcc/avr/4.8.1/avr51\libgcc.a(_udivmodsi4.o)
 .text          0x00000000        0x0 c:/program files (x86)/atmel/atmel toolchain/avr8 gcc/native/3.4.1056/avr8-gnu-toolchain/bin/../lib/gcc/avr/4.8.1/avr51\libgcc.a(_exit.o)
 .bss           0x00000000        0x0 c:/program files (x86)/atmel/atmel toolchain/avr8 gcc/native/3.4.1056/avr8-gnu-toolchain/bin/../lib/gcc/avr/4.8.1/avr51\libgcc.a(_exit.o)
 .text.libgcc.mul
                0x00000000        0x0 c:/program files (x86)/atmel/atmel toolchain/avr8 gcc/native/3.4.1056/avr8-gnu-toolchain/bin/../lib/gcc/avr/4.8.1/avr51\libgcc.a(_exit.o)
 .text.libgcc.div
                0x00000000        0x0 c:/program files (x86)/atmel/atmel toolchain/avr8 gcc/native/3.4.1056/avr8-gnu-toolchain/bin/../lib/gcc/avr/4.8.1/avr51\libgcc.a(_exit.o)
 .text.libgcc   0x00000000        0x0 c:/program files (x86)/atmel/atmel toolchain/avr8 gcc/native/3.4.1056/avr8-gnu-toolchain/bin/../lib/gcc/avr/4.8.1/avr51\libgcc.a(_exit.o)
 .text.libgcc.prologue
                0x00000000        0x0 c:/program files (x86)/atmel/atmel toolchain/avr8 gcc/native/3.4.1056/avr8-gnu-toolchain/bin/../lib/gcc/avr/4.8.1/avr51\libgcc.a(_exit.o)
 .text.libgcc.builtins
                0x00000000        0x0 c:/program files (x86)/atmel/atmel toolchain/avr8 gcc/native/3.4.1056/avr8-gnu-toolchain/bin/../lib/gcc/avr/4.8.1/avr51\libgcc.a(_exit.o)
 .text.libgcc.fmul
                0x00000000        0x0 c:/program files (x86)/atmel/atmel toolchain/avr8 gcc/native/3.4.1056/avr8-gnu-toolchain/bin/../lib/gcc/avr/4.8.1/avr51\libgcc.a(_exit.o)
 .text.libgcc.fixed
                0x00000000        0x0 c:/program files (x86)/atmel/atmel toolchain/avr8 gcc/native/3.4.1056/avr8-gnu-toolchain/bin/../lib/gcc/avr/4.8.1/avr51\libgcc.a(_exit.o)
 .text          0x00000000        0x0 c:/program files (x86)/atmel/atmel toolchain/avr8 gcc/native/3.4.1056/avr8-gnu-toolchain/bin/../lib/gcc/avr/4.8.1/avr51\libgcc.a(_copy_data.o)
 .bss           0x00000000        0x0 c:/program files (x86)/atmel/atmel toolchain/avr8 gcc/native/3.4.1056/avr8-gnu-toolchain/bin/../lib/gcc/avr/4.8.1/avr51\libgcc.a(_copy_data.o)
 .text.libgcc.mul
                0x00000000        0x0 c:/program files (x86)/atmel/atmel toolchain/avr8 gcc/native/3.4.1056/avr8-gnu-toolchain/bin/../lib/gcc/avr/4.8.1/avr51\libgcc.a(_copy_data.o)
 .text.libgcc.div
                0x00000000        0x0 c:/program files (x86)/atmel/atmel toolchain/avr8 gcc/native/3.4.1056/avr8-gnu-toolchain/bin/../lib/gcc/avr/4.8.1/avr51\libgcc.a(_copy_data.o)
 .text.libgcc   0x00000000        0x0 c:/program files (x86)/atmel/atmel toolchain/avr8 gcc/native/3.4.1056/avr8-gnu-toolchain/bin/../lib/gcc/avr/4.8.1/avr51\libgcc.a(_copy_data.o)
 .text.libgcc.prologue
                0x00000000        0x0 c:/program files (x86)/atmel/atmel toolchain/avr8 gcc/native/3.4.1056/avr8-gnu-toolchain/bin/../lib/gcc/avr/4.8.1/avr51\libgcc.a(_copy_data.o)
 .text.libgcc.builtins
                0x00000000        0x0 c:/program files (x86)/atmel/atmel toolchain/avr8 gcc/native/3.4.1056/avr8-gnu-toolchain/bin/../lib/gcc/avr/4.8.1/avr51\libgcc.a(_copy_data.o)
 .text.libgcc.fmul
                0x00000000        0x0 c:/program files (x86)/atmel/atmel toolchain/avr8 gcc/native/3.4.1056/avr8-gnu-toolchain/bin/../lib/gcc/avr/4.8.1/avr51\libgcc.a(_copy_data.o)
 .text.libgcc.fixed
                0x00000000        0x0 c:/program files (x86)/atmel/atmel toolchain/avr8 gcc/native/3.4.1056/avr8-gnu-toolchain/bin/../lib/gcc/avr/4.8.1/avr51\libgcc.a(_copy_data.o)
 .text          0x00000000        0x0 c:/program files (x86)/atmel/atmel toolchain/avr8 gcc/native/3.4.1056/avr8-gnu-toolchain/bin/../lib/gcc/avr/4.8.1/avr51\libgcc.a(_clear_bss.o)
 .bss           0x00000000        0x0 c:/program files (x86)/atmel/atmel toolchain/avr8 gcc/native/3.4.1056/avr8-gnu-toolchain/bin/../lib/gcc/avr/4.8.1/avr51\libgcc.a(_clear_bss.o)
 .text.libgcc.mul
                0x00000000        0x0 c:/program files (x86)/atmel/atmel toolchain/avr8 gcc/native/3.4.1056/avr8-gnu-toolchain/bin/../lib/gcc/avr/4.8.1/avr51\libgcc.a(_clear_bss.o)
 .text.libgcc.div
                0x00000000        0x0 c:/program files (x86)/atmel/atmel toolchain/avr8 gcc/native/3.4.1056/avr8-gnu-toolchain/bin/../lib/gcc/avr/4.8.1/avr51\libgcc.a(_clear_bss.o)
 .text.libgcc   0x00000000        0x0 c:/program files (x86)/atmel/atmel toolchain/avr8 gcc/native/3.4.1056/avr8-gnu-toolchain/bin/../lib/gcc/avr/4.8.1/avr51\libgcc.a(_clear_bss.o)
 .text.libgcc.prologue
                0x00000000        0x0 c:/program files (x86)/atmel/atmel toolchain/avr8 gcc/native/3.4.1056/avr8-gnu-toolchain/bin/../lib/gcc/avr/4.8.1/avr51\libgcc.a(_clear_bss.o)
 .text.libgcc.builtins
                0x00000000        0x0 c:/program files (x86)/atmel/atmel toolchain/avr8 gcc/native/3.4.1056/avr8-gnu-toolchain/bin/../lib/gcc/avr/4.8.1/avr51\libgcc.a(_clear_bss.o)
 .text.libgcc.fmul
                0x00000000        0x0 c:/program files (x86)/atmel/atmel toolchain/avr8 gcc/native/3.4.1056/avr8-gnu-toolchain/bin/../lib/gcc/avr/4.8.1/avr51\libgcc.a(_clear_bss.o)
 .text.libgcc.fixed
                0x00000000        0x0 c:/program files (x86)/atmel/atmel toolchain/avr8 gcc/native/3.4.1056/avr8-gnu-toolchain/bin/../lib/gcc/avr/4.8.1/avr51\libgcc.a(_clear_bss.o)
 .text          0x00000000        0x0 c:/program files (x86)/atmel/atmel toolchain/avr8 gcc/native/3.4.1056/avr8-gnu-toolchain/bin/../lib/gcc/avr/4.8.1/../../../../avr/lib/avr51\libc.a(strcat.o)
 .bss           0x00000000        0x0 c:/program files (x86)/atmel/atmel toolchain/avr8 gcc/native/3.4.1056/avr8-gnu-toolchain/bin/../lib/gcc/avr/4.8.1/../../../../avr/lib/avr51\libc.a(strcat.o)
 .text          0x00000000        0x0 c:/program files (x86)/atmel/atmel toolchain/avr8 gcc/native/3.4.1056/avr8-gnu-toolchain/bin/../lib/gcc/avr/4.8.1/../../../../avr/lib/avr51\libc.a(strcpy.o)
 .bss           0x00000000        0x0 c:/program files (x86)/atmel/atmel toolchain/avr8 gcc/native/3.4.1056/avr8-gnu-toolchain/bin/../lib/gcc/avr/4.8.1/../../../../avr/lib/avr51\libc.a(strcpy.o)
 .text          0x00000000        0x0 c:/program files (x86)/atmel/atmel toolchain/avr8 gcc/native/3.4.1056/avr8-gnu-toolchain/bin/../lib/gcc/avr/4.8.1/../../../../avr/lib/avr51\libc.a(fputc.o)
 .bss           0x00000000        0x0 c:/program files (x86)/atmel/atmel toolchain/avr8 gcc/native/3.4.1056/avr8-gnu-toolchain/bin/../lib/gcc/avr/4.8.1/../../../../avr/lib/avr51\libc.a(fputc.o)
 .text          0x00000000        0x0 c:/program files (x86)/atmel/atmel toolchain/avr8 gcc/native/3.4.1056/avr8-gnu-toolchain/bin/../lib/gcc/avr/4.8.1/../../../../avr/lib/avr51\libc.a(iob.o)
 .bss           0x00000000        0x0 c:/program files (x86)/atmel/atmel toolchain/avr8 gcc/native/3.4.1056/avr8-gnu-toolchain/bin/../lib/gcc/avr/4.8.1/../../../../avr/lib/avr51\libc.a(iob.o)
 .text          0x00000000        0x0 c:/program files (x86)/atmel/atmel toolchain/avr8 gcc/native/3.4.1056/avr8-gnu-toolchain/bin/../lib/gcc/avr/4.8.1/../../../../avr/lib/avr51\libc.a(printf.o)
 .bss           0x00000000        0x0 c:/program files (x86)/atmel/atmel toolchain/avr8 gcc/native/3.4.1056/avr8-gnu-toolchain/bin/../lib/gcc/avr/4.8.1/../../../../avr/lib/avr51\libc.a(printf.o)
 .text          0x00000000        0x0 c:/program files (x86)/atmel/atmel toolchain/avr8 gcc/native/3.4.1056/avr8-gnu-toolchain/bin/../lib/gcc/avr/4.8.1/../../../../avr/lib/avr51\libc.a(putchar.o)
 .bss           0x00000000        0x0 c:/program files (x86)/atmel/atmel toolchain/avr8 gcc/native/3.4.1056/avr8-gnu-toolchain/bin/../lib/gcc/avr/4.8.1/../../../../avr/lib/avr51\libc.a(putchar.o)
 .text          0x00000000        0x0 c:/program files (x86)/atmel/atmel toolchain/avr8 gcc/native/3.4.1056/avr8-gnu-toolchain/bin/../lib/gcc/avr/4.8.1/../../../../avr/lib/avr51\libc.a(puts.o)
 .bss           0x00000000        0x0 c:/program files (x86)/atmel/atmel toolchain/avr8 gcc/native/3.4.1056/avr8-gnu-toolchain/bin/../lib/gcc/avr/4.8.1/../../../../avr/lib/avr51\libc.a(puts.o)
 .text          0x00000000        0x0 c:/program files (x86)/atmel/atmel toolchain/avr8 gcc/native/3.4.1056/avr8-gnu-toolchain/bin/../lib/gcc/avr/4.8.1/../../../../avr/lib/avr51\libc.a(vfprintf_std.o)
 .bss           0x00000000        0x0 c:/program files (x86)/atmel/atmel toolchain/avr8 gcc/native/3.4.1056/avr8-gnu-toolchain/bin/../lib/gcc/avr/4.8.1/../../../../avr/lib/avr51\libc.a(vfprintf_std.o)
 .text          0x00000000        0x0 c:/program files (x86)/atmel/atmel toolchain/avr8 gcc/native/3.4.1056/avr8-gnu-toolchain/bin/../lib/gcc/avr/4.8.1/../../../../avr/lib/avr51\libc.a(strnlen_P.o)
 .bss           0x00000000        0x0 c:/program files (x86)/atmel/atmel toolchain/avr8 gcc/native/3.4.1056/avr8-gnu-toolchain/bin/../lib/gcc/avr/4.8.1/../../../../avr/lib/avr51\libc.a(strnlen_P.o)
 .text          0x00000000        0x0 c:/program files (x86)/atmel/atmel toolchain/avr8 gcc/native/3.4.1056/avr8-gnu-toolchain/bin/../lib/gcc/avr/4.8.1/../../../../avr/lib/avr51\libc.a(strnlen.o)
 .bss           0x00000000        0x0 c:/program files (x86)/atmel/atmel toolchain/avr8 gcc/native/3.4.1056/avr8-gnu-toolchain/bin/../lib/gcc/avr/4.8.1/../../../../avr/lib/avr51\libc.a(strnlen.o)
 .text          0x00000000        0x0 c:/program files (x86)/atmel/atmel toolchain/avr8 gcc/native/3.4.1056/avr8-gnu-toolchain/bin/../lib/gcc/avr/4.8.1/../../../../avr/lib/avr51\libc.a(ultoa_invert.o)
 .bss           0x00000000        0x0 c:/program files (x86)/atmel/atmel toolchain/avr8 gcc/native/3.4.1056/avr8-gnu-toolchain/bin/../lib/gcc/avr/4.8.1/../../../../avr/lib/avr51\libc.a(ultoa_invert.o)

Memory Configuration

Name             Origin             Length             Attributes
text             0x00000000         0x00020000         xr
data             0x00800100         0x0000ff00         rw !x
eeprom           0x00810000         0x00010000         rw !x
fuse             0x00820000         0x00000400         rw !x
lock             0x00830000         0x00000400         rw !x
signature        0x00840000         0x00000400         rw !x
user_signatures  0x00850000         0x00000400         rw !x
*default*        0x00000000         0xffffffff

Linker script and memory map

Address of section .data set to 0x800200
LOAD c:/program files (x86)/atmel/atmel toolchain/avr8 gcc/native/3.4.1056/avr8-gnu-toolchain/bin/../lib/gcc/avr/4.8.1/../../../../avr/lib/avr51/crtm1280.o
LOAD Controller/ClientController.o
LOAD Drivers/Ethernet/Ethernet.o
LOAD Drivers/Ethernet/EthernetDriver.o
LOAD Drivers/FPGA/FPGA.o
LOAD Drivers/Print/PrintDriver.o
LOAD Drivers/RAM/RAMDriver.o
LOAD Drivers/Voltage_Switching/SwitchingCircuitry.o
LOAD Drivers/Voltage_Switching/VoltageControlDriver.o
LOAD Drivers/Wifi/Wifi.o
LOAD Drivers/Wifi/WifiDriver.o
LOAD Hex/IntelHex.o
LOAD Program/Program.o
LOAD Program/ProgramDriver.o
LOAD wipro.o
START GROUP
LOAD c:/program files (x86)/atmel/atmel toolchain/avr8 gcc/native/3.4.1056/avr8-gnu-toolchain/bin/../lib/gcc/avr/4.8.1/../../../../avr/lib/avr51\libm.a
END GROUP
START GROUP
LOAD c:/program files (x86)/atmel/atmel toolchain/avr8 gcc/native/3.4.1056/avr8-gnu-toolchain/bin/../lib/gcc/avr/4.8.1/avr51\libgcc.a
LOAD c:/program files (x86)/atmel/atmel toolchain/avr8 gcc/native/3.4.1056/avr8-gnu-toolchain/bin/../lib/gcc/avr/4.8.1/../../../../avr/lib/avr51\libm.a
LOAD c:/program files (x86)/atmel/atmel toolchain/avr8 gcc/native/3.4.1056/avr8-gnu-toolchain/bin/../lib/gcc/avr/4.8.1/../../../../avr/lib/avr51\libc.a
END GROUP

.hash
 *(.hash)

.dynsym
 *(.dynsym)

.dynstr
 *(.dynstr)

.gnu.version
 *(.gnu.version)

.gnu.version_d
 *(.gnu.version_d)

.gnu.version_r
 *(.gnu.version_r)

.rel.init
 *(.rel.init)

.rela.init
 *(.rela.init)

.rel.text
 *(.rel.text)
 *(.rel.text.*)
 *(.rel.gnu.linkonce.t*)

.rela.text
 *(.rela.text)
 *(.rela.text.*)
 *(.rela.gnu.linkonce.t*)

.rel.fini
 *(.rel.fini)

.rela.fini
 *(.rela.fini)

.rel.rodata
 *(.rel.rodata)
 *(.rel.rodata.*)
 *(.rel.gnu.linkonce.r*)

.rela.rodata
 *(.rela.rodata)
 *(.rela.rodata.*)
 *(.rela.gnu.linkonce.r*)

.rel.data
 *(.rel.data)
 *(.rel.data.*)
 *(.rel.gnu.linkonce.d*)

.rela.data
 *(.rela.data)
 *(.rela.data.*)
 *(.rela.gnu.linkonce.d*)

.rel.ctors
 *(.rel.ctors)

.rela.ctors
 *(.rela.ctors)

.rel.dtors
 *(.rel.dtors)

.rela.dtors
 *(.rela.dtors)

.rel.got
 *(.rel.got)

.rela.got
 *(.rela.got)

.rel.bss
 *(.rel.bss)

.rela.bss
 *(.rela.bss)

.rel.plt
 *(.rel.plt)

.rela.plt
 *(.rela.plt)

.text           0x00000000     0x2848
 *(.vectors)
 .vectors       0x00000000       0xe4 c:/program files (x86)/atmel/atmel toolchain/avr8 gcc/native/3.4.1056/avr8-gnu-toolchain/bin/../lib/gcc/avr/4.8.1/../../../../avr/lib/avr51/crtm1280.o
                0x00000000                __vector_default
                0x00000000                __vectors
 *(.vectors)
 *(.progmem.gcc*)
                0x000000e4                . = ALIGN (0x2)
                0x000000e4                __trampolines_start = .
 *(.trampolines)
 .trampolines   0x000000e4        0x0 linker stubs
 *(.trampolines*)
                0x000000e4                __trampolines_end = .
 *(.progmem*)
                0x000000e4                . = ALIGN (0x2)
 *(.jumptables)
 *(.jumptables*)
 *(.lowtext)
 *(.lowtext*)
                0x000000e4                __ctors_start = .
 *(.ctors)
                0x000000e4                __ctors_end = .
                0x000000e4                __dtors_start = .
 *(.dtors)
                0x000000e4                __dtors_end = .
 SORT(*)(.ctors)
 SORT(*)(.dtors)
 *(.init0)
 .init0         0x000000e4        0x0 c:/program files (x86)/atmel/atmel toolchain/avr8 gcc/native/3.4.1056/avr8-gnu-toolchain/bin/../lib/gcc/avr/4.8.1/../../../../avr/lib/avr51/crtm1280.o
                0x000000e4                __init
 *(.init0)
 *(.init1)
 *(.init1)
 *(.init2)
 .init2         0x000000e4        0xc c:/program files (x86)/atmel/atmel toolchain/avr8 gcc/native/3.4.1056/avr8-gnu-toolchain/bin/../lib/gcc/avr/4.8.1/../../../../avr/lib/avr51/crtm1280.o
 *(.init2)
 *(.init3)
 *(.init3)
 *(.init4)
 .init4         0x000000f0       0x1a c:/program files (x86)/atmel/atmel toolchain/avr8 gcc/native/3.4.1056/avr8-gnu-toolchain/bin/../lib/gcc/avr/4.8.1/avr51\libgcc.a(_copy_data.o)
                0x000000f0                __do_copy_data
 .init4         0x0000010a       0x10 c:/program files (x86)/atmel/atmel toolchain/avr8 gcc/native/3.4.1056/avr8-gnu-toolchain/bin/../lib/gcc/avr/4.8.1/avr51\libgcc.a(_clear_bss.o)
                0x0000010a                __do_clear_bss
 *(.init4)
 *(.init5)
 *(.init5)
 *(.init6)
 *(.init6)
 *(.init7)
 *(.init7)
 *(.init8)
 *(.init8)
 *(.init9)
 .init9         0x0000011a        0x8 c:/program files (x86)/atmel/atmel toolchain/avr8 gcc/native/3.4.1056/avr8-gnu-toolchain/bin/../lib/gcc/avr/4.8.1/../../../../avr/lib/avr51/crtm1280.o
 *(.init9)
 *(.text)
 .text          0x00000122        0x2 c:/program files (x86)/atmel/atmel toolchain/avr8 gcc/native/3.4.1056/avr8-gnu-toolchain/bin/../lib/gcc/avr/4.8.1/../../../../avr/lib/avr51/crtm1280.o
                0x00000122                __vector_38
                0x00000122                __vector_22
                0x00000122                __vector_28
                0x00000122                __vector_1
                0x00000122                __vector_32
                0x00000122                __vector_34
                0x00000122                __vector_24
                0x00000122                __vector_12
                0x00000122                __vector_55
                0x00000122                __vector_46
                0x00000122                __bad_interrupt
                0x00000122                __vector_31
                0x00000122                __vector_35
                0x00000122                __vector_39
                0x00000122                __vector_3
                0x00000122                __vector_23
                0x00000122                __vector_30
                0x00000122                __vector_45
                0x00000122                __vector_11
                0x00000122                __vector_54
                0x00000122                __vector_13
                0x00000122                __vector_17
                0x00000122                __vector_19
                0x00000122                __vector_56
                0x00000122                __vector_7
                0x00000122                __vector_49
                0x00000122                __vector_41
                0x00000122                __vector_43
                0x00000122                __vector_27
                0x00000122                __vector_5
                0x00000122                __vector_33
                0x00000122                __vector_47
                0x00000122                __vector_52
                0x00000122                __vector_37
                0x00000122                __vector_4
                0x00000122                __vector_44
                0x00000122                __vector_51
                0x00000122                __vector_9
                0x00000122                __vector_2
                0x00000122                __vector_21
                0x00000122                __vector_15
                0x00000122                __vector_36
                0x00000122                __vector_29
                0x00000122                __vector_40
                0x00000122                __vector_8
                0x00000122                __vector_26
                0x00000122                __vector_48
                0x00000122                __vector_14
                0x00000122                __vector_53
                0x00000122                __vector_10
                0x00000122                __vector_50
                0x00000122                __vector_16
                0x00000122                __vector_18
                0x00000122                __vector_42
                0x00000124                . = ALIGN (0x2)
 *(.text.*)
 .text.flagInit
                0x00000124       0x2e Controller/ClientController.o
                0x00000124                flagInit
 .text.ethernetPlugInit
                0x00000152        0xc Controller/ClientController.o
                0x00000152                ethernetPlugInit
 .text.connectionInit
                0x0000015e       0x20 Controller/ClientController.o
                0x0000015e                connectionInit
 .text.clearFlags
                0x0000017e       0x9e Controller/ClientController.o
                0x0000017e                clearFlags
 .text.getHexFile
                0x0000021c       0xae Controller/ClientController.o
                0x0000021c                getHexFile
 .text.getFlagStatus
                0x000002ca      0x126 Controller/ClientController.o
                0x000002ca                getFlagStatus
 .text.__vector_20
                0x000003f0       0x76 Controller/ClientController.o
                0x000003f0                __vector_20
 .text.__vector_6
                0x00000466       0x6e Controller/ClientController.o
                0x00000466                __vector_6
 .text.ethernetInit
                0x000004d4       0x28 Drivers/Ethernet/Ethernet.o
                0x000004d4                ethernetInit
 .text.updateFileEthernet
                0x000004fc       0x60 Drivers/Ethernet/Ethernet.o
                0x000004fc                updateFileEthernet
 .text.SPI_EthernetWrite
                0x0000055c       0x28 Drivers/Ethernet/EthernetDriver.o
                0x0000055c                SPI_EthernetWrite
 .text.SPI_EthernetRead
                0x00000584       0x2a Drivers/Ethernet/EthernetDriver.o
                0x00000584                SPI_EthernetRead
 .text.NetworkSetup
                0x000005ae      0x324 Drivers/Ethernet/EthernetDriver.o
                0x000005ae                NetworkSetup
 .text.Server_Connect
                0x000008d2      0x10a Drivers/Ethernet/EthernetDriver.o
                0x000008d2                Server_Connect
 .text.MemoryInit
                0x000009dc       0x3e Drivers/Ethernet/EthernetDriver.o
                0x000009dc                MemoryInit
 .text.SocketCommand
                0x00000a1a        0x8 Drivers/Ethernet/EthernetDriver.o
                0x00000a1a                SocketCommand
 .text.SendData
                0x00000a22      0x1b4 Drivers/Ethernet/EthernetDriver.o
                0x00000a22                SendData
 .text.SPI_FPGA_Write
                0x00000bd6        0xe Drivers/FPGA/FPGA.o
                0x00000bd6                SPI_FPGA_Write
 .text.SPI_FPGA_Init
                0x00000be4       0x1c Drivers/FPGA/FPGA.o
                0x00000be4                SPI_FPGA_Init
 .text.FPGA_Write
                0x00000c00       0x22 Drivers/FPGA/FPGA.o
                0x00000c00                FPGA_Write
 .text.uart_sendStream
                0x00000c22       0x20 Drivers/Print/PrintDriver.o
                0x00000c22                uart_sendStream
 .text.uart_receiveStream
                0x00000c42       0x1c Drivers/Print/PrintDriver.o
                0x00000c42                uart_receiveStream
 .text.uart2_init
                0x00000c5e       0x2c Drivers/Print/PrintDriver.o
                0x00000c5e                uart2_init
 .text.setRAMStatus
                0x00000c8a       0x18 Drivers/RAM/RAMDriver.o
                0x00000c8a                setRAMStatus
 .text.SPI_WriteAddress
                0x00000ca2       0x2c Drivers/RAM/RAMDriver.o
                0x00000ca2                SPI_WriteAddress
 .text.SPI_WriteData
                0x00000cce        0xa Drivers/RAM/RAMDriver.o
                0x00000cce                SPI_WriteData
 .text.SPI_ReadAddress
                0x00000cd8       0x2c Drivers/RAM/RAMDriver.o
                0x00000cd8                SPI_ReadAddress
 .text.SPI_ReadData
                0x00000d04        0xc Drivers/RAM/RAMDriver.o
                0x00000d04                SPI_ReadData
 .text.RAMPrint
                0x00000d10       0x92 Drivers/RAM/RAMDriver.o
                0x00000d10                RAMPrint
 .text.RAMWriteByte
                0x00000da2       0x16 Drivers/RAM/RAMDriver.o
                0x00000da2                RAMWriteByte
 .text.SPI_Init
                0x00000db8       0x1a Drivers/RAM/RAMDriver.o
                0x00000db8                SPI_Init
 .text.RAMReadByte
                0x00000dd2        0xa Drivers/RAM/RAMDriver.o
                0x00000dd2                RAMReadByte
 .text.SPI_Switching_Circuitry_Init
                0x00000ddc       0x1c Drivers/Voltage_Switching/SwitchingCircuitry.o
                0x00000ddc                SPI_Switching_Circuitry_Init
 .text.SPI_Switching_Circuitry_Write
                0x00000df8        0xa Drivers/Voltage_Switching/SwitchingCircuitry.o
                0x00000df8                SPI_Switching_Circuitry_Write
 .text.SetShiftRegData
                0x00000e02       0x2a Drivers/Voltage_Switching/SwitchingCircuitry.o
                0x00000e02                SetShiftRegData
 .text.WriteShiftRegData
                0x00000e2c       0x62 Drivers/Voltage_Switching/SwitchingCircuitry.o
                0x00000e2c                WriteShiftRegData
 .text.setAtTiny2313
                0x00000e8e       0x92 Drivers/Voltage_Switching/SwitchingCircuitry.o
                0x00000e8e                setAtTiny2313
 .text.setAtMega324PA
                0x00000f20       0x96 Drivers/Voltage_Switching/SwitchingCircuitry.o
                0x00000f20                setAtMega324PA
 .text.voltageControlInit
                0x00000fb6       0x14 Drivers/Voltage_Switching/VoltageControlDriver.o
                0x00000fb6                voltageControlInit
 .text.enableVppRegulator
                0x00000fca        0x4 Drivers/Voltage_Switching/VoltageControlDriver.o
                0x00000fca                enableVppRegulator
 .text.disableVppRegulator
                0x00000fce        0x4 Drivers/Voltage_Switching/VoltageControlDriver.o
                0x00000fce                disableVppRegulator
 .text.enableVccRegulator
                0x00000fd2        0x4 Drivers/Voltage_Switching/VoltageControlDriver.o
                0x00000fd2                enableVccRegulator
 .text.disableVccRegulator
                0x00000fd6        0x4 Drivers/Voltage_Switching/VoltageControlDriver.o
                0x00000fd6                disableVccRegulator
 .text.setVcc   0x00000fda       0x16 Drivers/Voltage_Switching/VoltageControlDriver.o
                0x00000fda                setVcc
 .text.setVpp   0x00000ff0       0x16 Drivers/Voltage_Switching/VoltageControlDriver.o
                0x00000ff0                setVpp
 .text.enableVLogic
                0x00001006        0x4 Drivers/Voltage_Switching/VoltageControlDriver.o
                0x00001006                enableVLogic
 .text.disableVLogic
                0x0000100a        0x4 Drivers/Voltage_Switching/VoltageControlDriver.o
                0x0000100a                disableVLogic
 .text.setVLogic
                0x0000100e       0x16 Drivers/Voltage_Switching/VoltageControlDriver.o
                0x0000100e                setVLogic
 .text.getFileWifi
                0x00001024      0x102 Drivers/Wifi/Wifi.o
                0x00001024                getFileWifi
 .text.updateFileWifi
                0x00001126       0x22 Drivers/Wifi/Wifi.o
                0x00001126                updateFileWifi
 .text.setReceiveCounter
                0x00001148        0xa Drivers/Wifi/WifiDriver.o
                0x00001148                setReceiveCounter
 .text.uart_init
                0x00001152       0x20 Drivers/Wifi/WifiDriver.o
                0x00001152                uart_init
 .text.uart_send
                0x00001172       0x44 Drivers/Wifi/WifiDriver.o
                0x00001172                uart_send
 .text.uart_receiveChar
                0x000011b6        0xe Drivers/Wifi/WifiDriver.o
                0x000011b6                uart_receiveChar
 .text.enableReceiveINT
                0x000011c4       0x12 Drivers/Wifi/WifiDriver.o
                0x000011c4                enableReceiveINT
 .text.disableReceiveINT
                0x000011d6       0x10 Drivers/Wifi/WifiDriver.o
                0x000011d6                disableReceiveINT
 .text.receiveStatus
                0x000011e6       0x18 Drivers/Wifi/WifiDriver.o
                0x000011e6                receiveStatus
 .text.buildTransmissionLength
                0x000011fe      0x114 Drivers/Wifi/WifiDriver.o
                0x000011fe                buildTransmissionLength
 .text.getTransmissionLength
                0x00001312        0xa Drivers/Wifi/WifiDriver.o
                0x00001312                getTransmissionLength
 .text.getMessageHeader
                0x0000131c        0x6 Drivers/Wifi/WifiDriver.o
                0x0000131c                getMessageHeader
 .text.updateRAMAddress
                0x00001322       0x12 Drivers/Wifi/WifiDriver.o
                0x00001322                updateRAMAddress
 .text.sendCommand
                0x00001334       0xc6 Drivers/Wifi/WifiDriver.o
                0x00001334                sendCommand
 .text.__vector_25
                0x000013fa      0x1ae Drivers/Wifi/WifiDriver.o
                0x000013fa                __vector_25
 .text.hexInit  0x000015a8       0x18 Hex/IntelHex.o
                0x000015a8                hexInit
 .text.resetRAMOffset
                0x000015c0        0xa Hex/IntelHex.o
                0x000015c0                resetRAMOffset
 .text.getHexRow
                0x000015ca       0xee Hex/IntelHex.o
                0x000015ca                getHexRow
 .text.verifySignature
                0x000016b8       0xae Program/Program.o
                0x000016b8                verifySignature
 .text.Program  0x00001766       0xae Program/Program.o
                0x00001766                Program
 .text.checkSum
                0x00001814       0xb8 Program/Program.o
                0x00001814                checkSum
 .text.compressFile
                0x000018cc       0xbc Program/Program.o
                0x000018cc                compressFile
 .text.ProgInit
                0x00001988       0x3e Program/ProgramDriver.o
                0x00001988                ProgInit
 .text.ApplyPullDowns
                0x000019c6       0x80 Program/ProgramDriver.o
                0x000019c6                ApplyPullDowns
 .text.LoadCommand
                0x00001a46       0x28 Program/ProgramDriver.o
                0x00001a46                LoadCommand
 .text.WriteWord
                0x00001a6e       0x4c Program/ProgramDriver.o
                0x00001a6e                WriteWord
 .text.LoadLowAddress
                0x00001aba       0x2a Program/ProgramDriver.o
                0x00001aba                LoadLowAddress
 .text.LoadHighAddress
                0x00001ae4       0x2a Program/ProgramDriver.o
                0x00001ae4                LoadHighAddress
 .text.LatchData
                0x00001b0e       0x20 Program/ProgramDriver.o
                0x00001b0e                LatchData
 .text.ProgramPage
                0x00001b2e       0x1e Program/ProgramDriver.o
                0x00001b2e                ProgramPage
 .text.EndPageProgramming
                0x00001b4c       0x26 Program/ProgramDriver.o
                0x00001b4c                EndPageProgramming
 .text.EnableProgMode
                0x00001b72       0x82 Program/ProgramDriver.o
                0x00001b72                EnableProgMode
 .text.ReadSignatureBytes
                0x00001bf4      0x18e Program/ProgramDriver.o
                0x00001bf4                ReadSignatureBytes
 .text.ReadFlash
                0x00001d82       0xac Program/ProgramDriver.o
                0x00001d82                ReadFlash
 .text.VerifyFlash
                0x00001e2e      0x146 Program/ProgramDriver.o
                0x00001e2e                VerifyFlash
 .text.ChipErase
                0x00001f74       0x42 Program/ProgramDriver.o
                0x00001f74                ChipErase
 .text.ProgramFlash
                0x00001fb6      0x194 Program/ProgramDriver.o
                0x00001fb6                ProgramFlash
 .text.ExitParallelProgrammingMode
                0x0000214a       0x8c Program/ProgramDriver.o
                0x0000214a                ExitParallelProgrammingMode
 .text.startup.main
                0x000021d6       0x30 wipro.o
                0x000021d6                main
 .text.libgcc.div
                0x00002206       0x28 c:/program files (x86)/atmel/atmel toolchain/avr8 gcc/native/3.4.1056/avr8-gnu-toolchain/bin/../lib/gcc/avr/4.8.1/avr51\libgcc.a(_udivmodhi4.o)
                0x00002206                __udivmodhi4
 .text.libgcc.div
                0x0000222e       0x44 c:/program files (x86)/atmel/atmel toolchain/avr8 gcc/native/3.4.1056/avr8-gnu-toolchain/bin/../lib/gcc/avr/4.8.1/avr51\libgcc.a(_udivmodsi4.o)
                0x0000222e                __udivmodsi4
 .text.avr-libc
                0x00002272       0x16 c:/program files (x86)/atmel/atmel toolchain/avr8 gcc/native/3.4.1056/avr8-gnu-toolchain/bin/../lib/gcc/avr/4.8.1/../../../../avr/lib/avr51\libc.a(strcat.o)
                0x00002272                strcat
 .text.avr-libc
                0x00002288        0xe c:/program files (x86)/atmel/atmel toolchain/avr8 gcc/native/3.4.1056/avr8-gnu-toolchain/bin/../lib/gcc/avr/4.8.1/../../../../avr/lib/avr51\libc.a(strcpy.o)
                0x00002288                strcpy
 .text.avr-libc
                0x00002296       0x64 c:/program files (x86)/atmel/atmel toolchain/avr8 gcc/native/3.4.1056/avr8-gnu-toolchain/bin/../lib/gcc/avr/4.8.1/../../../../avr/lib/avr51\libc.a(fputc.o)
                0x00002296                fputc
 .text.avr-libc
                0x000022fa       0x22 c:/program files (x86)/atmel/atmel toolchain/avr8 gcc/native/3.4.1056/avr8-gnu-toolchain/bin/../lib/gcc/avr/4.8.1/../../../../avr/lib/avr51\libc.a(printf.o)
                0x000022fa                printf
 .text.avr-libc
                0x0000231c        0xa c:/program files (x86)/atmel/atmel toolchain/avr8 gcc/native/3.4.1056/avr8-gnu-toolchain/bin/../lib/gcc/avr/4.8.1/../../../../avr/lib/avr51\libc.a(putchar.o)
                0x0000231c                putchar
 .text.avr-libc
                0x00002326       0x5a c:/program files (x86)/atmel/atmel toolchain/avr8 gcc/native/3.4.1056/avr8-gnu-toolchain/bin/../lib/gcc/avr/4.8.1/../../../../avr/lib/avr51\libc.a(puts.o)
                0x00002326                puts
 .text.avr-libc
                0x00002380      0x3dc c:/program files (x86)/atmel/atmel toolchain/avr8 gcc/native/3.4.1056/avr8-gnu-toolchain/bin/../lib/gcc/avr/4.8.1/../../../../avr/lib/avr51\libc.a(vfprintf_std.o)
                0x00002380                vfprintf
 .text.avr-libc
                0x0000275c       0x16 c:/program files (x86)/atmel/atmel toolchain/avr8 gcc/native/3.4.1056/avr8-gnu-toolchain/bin/../lib/gcc/avr/4.8.1/../../../../avr/lib/avr51\libc.a(strnlen_P.o)
                0x0000275c                strnlen_P
 .text.avr-libc
                0x00002772       0x16 c:/program files (x86)/atmel/atmel toolchain/avr8 gcc/native/3.4.1056/avr8-gnu-toolchain/bin/../lib/gcc/avr/4.8.1/../../../../avr/lib/avr51\libc.a(strnlen.o)
                0x00002772                strnlen
 .text.avr-libc
                0x00002788       0xbc c:/program files (x86)/atmel/atmel toolchain/avr8 gcc/native/3.4.1056/avr8-gnu-toolchain/bin/../lib/gcc/avr/4.8.1/../../../../avr/lib/avr51\libc.a(ultoa_invert.o)
                0x00002788                __ultoa_invert
                0x00002844                . = ALIGN (0x2)
 *(.fini9)
 .fini9         0x00002844        0x0 c:/program files (x86)/atmel/atmel toolchain/avr8 gcc/native/3.4.1056/avr8-gnu-toolchain/bin/../lib/gcc/avr/4.8.1/avr51\libgcc.a(_exit.o)
                0x00002844                _exit
                0x00002844                exit
 *(.fini9)
 *(.fini8)
 *(.fini8)
 *(.fini7)
 *(.fini7)
 *(.fini6)
 *(.fini6)
 *(.fini5)
 *(.fini5)
 *(.fini4)
 *(.fini4)
 *(.fini3)
 *(.fini3)
 *(.fini2)
 *(.fini2)
 *(.fini1)
 *(.fini1)
 *(.fini0)
 .fini0         0x00002844        0x4 c:/program files (x86)/atmel/atmel toolchain/avr8 gcc/native/3.4.1056/avr8-gnu-toolchain/bin/../lib/gcc/avr/4.8.1/avr51\libgcc.a(_exit.o)
 *(.fini0)
                0x00002848                _etext = .

.data           0x00800200      0x7b4 load address 0x00002848
                0x00800200                PROVIDE (__data_start, .)
 *(.data)
 .data          0x00800200        0x0 c:/program files (x86)/atmel/atmel toolchain/avr8 gcc/native/3.4.1056/avr8-gnu-toolchain/bin/../lib/gcc/avr/4.8.1/../../../../avr/lib/avr51/crtm1280.o
 .data          0x00800200        0x0 Controller/ClientController.o
 .data          0x00800200        0x0 Drivers/Ethernet/Ethernet.o
 .data          0x00800200        0x0 Drivers/Ethernet/EthernetDriver.o
 .data          0x00800200        0x0 Drivers/FPGA/FPGA.o
 .data          0x00800200        0x0 Drivers/Print/PrintDriver.o
 .data          0x00800200        0x0 Drivers/RAM/RAMDriver.o
 .data          0x00800200        0x0 Drivers/Voltage_Switching/SwitchingCircuitry.o
 .data          0x00800200        0x0 Drivers/Voltage_Switching/VoltageControlDriver.o
 .data          0x00800200        0x0 Drivers/Wifi/Wifi.o
 .data          0x00800200        0x0 Drivers/Wifi/WifiDriver.o
 .data          0x00800200        0x0 Hex/IntelHex.o
 .data          0x00800200        0x0 Program/Program.o
 .data          0x00800200        0x0 Program/ProgramDriver.o
 .data          0x00800200        0x0 wipro.o
 .data          0x00800200        0x0 c:/program files (x86)/atmel/atmel toolchain/avr8 gcc/native/3.4.1056/avr8-gnu-toolchain/bin/../lib/gcc/avr/4.8.1/avr51\libgcc.a(_udivmodhi4.o)
 .data          0x00800200        0x0 c:/program files (x86)/atmel/atmel toolchain/avr8 gcc/native/3.4.1056/avr8-gnu-toolchain/bin/../lib/gcc/avr/4.8.1/avr51\libgcc.a(_udivmodsi4.o)
 .data          0x00800200        0x0 c:/program files (x86)/atmel/atmel toolchain/avr8 gcc/native/3.4.1056/avr8-gnu-toolchain/bin/../lib/gcc/avr/4.8.1/avr51\libgcc.a(_exit.o)
 .data          0x00800200        0x0 c:/program files (x86)/atmel/atmel toolchain/avr8 gcc/native/3.4.1056/avr8-gnu-toolchain/bin/../lib/gcc/avr/4.8.1/avr51\libgcc.a(_copy_data.o)
 .data          0x00800200        0x0 c:/program files (x86)/atmel/atmel toolchain/avr8 gcc/native/3.4.1056/avr8-gnu-toolchain/bin/../lib/gcc/avr/4.8.1/avr51\libgcc.a(_clear_bss.o)
 .data          0x00800200        0x0 c:/program files (x86)/atmel/atmel toolchain/avr8 gcc/native/3.4.1056/avr8-gnu-toolchain/bin/../lib/gcc/avr/4.8.1/../../../../avr/lib/avr51\libc.a(strcat.o)
 .data          0x00800200        0x0 c:/program files (x86)/atmel/atmel toolchain/avr8 gcc/native/3.4.1056/avr8-gnu-toolchain/bin/../lib/gcc/avr/4.8.1/../../../../avr/lib/avr51\libc.a(strcpy.o)
 .data          0x00800200        0x0 c:/program files (x86)/atmel/atmel toolchain/avr8 gcc/native/3.4.1056/avr8-gnu-toolchain/bin/../lib/gcc/avr/4.8.1/../../../../avr/lib/avr51\libc.a(fputc.o)
 .data          0x00800200        0x0 c:/program files (x86)/atmel/atmel toolchain/avr8 gcc/native/3.4.1056/avr8-gnu-toolchain/bin/../lib/gcc/avr/4.8.1/../../../../avr/lib/avr51\libc.a(iob.o)
 .data          0x00800200        0x0 c:/program files (x86)/atmel/atmel toolchain/avr8 gcc/native/3.4.1056/avr8-gnu-toolchain/bin/../lib/gcc/avr/4.8.1/../../../../avr/lib/avr51\libc.a(printf.o)
 .data          0x00800200        0x0 c:/program files (x86)/atmel/atmel toolchain/avr8 gcc/native/3.4.1056/avr8-gnu-toolchain/bin/../lib/gcc/avr/4.8.1/../../../../avr/lib/avr51\libc.a(putchar.o)
 .data          0x00800200        0x0 c:/program files (x86)/atmel/atmel toolchain/avr8 gcc/native/3.4.1056/avr8-gnu-toolchain/bin/../lib/gcc/avr/4.8.1/../../../../avr/lib/avr51\libc.a(puts.o)
 .data          0x00800200        0x0 c:/program files (x86)/atmel/atmel toolchain/avr8 gcc/native/3.4.1056/avr8-gnu-toolchain/bin/../lib/gcc/avr/4.8.1/../../../../avr/lib/avr51\libc.a(vfprintf_std.o)
 .data          0x00800200        0x0 c:/program files (x86)/atmel/atmel toolchain/avr8 gcc/native/3.4.1056/avr8-gnu-toolchain/bin/../lib/gcc/avr/4.8.1/../../../../avr/lib/avr51\libc.a(strnlen_P.o)
 .data          0x00800200        0x0 c:/program files (x86)/atmel/atmel toolchain/avr8 gcc/native/3.4.1056/avr8-gnu-toolchain/bin/../lib/gcc/avr/4.8.1/../../../../avr/lib/avr51\libc.a(strnlen.o)
 .data          0x00800200        0x0 c:/program files (x86)/atmel/atmel toolchain/avr8 gcc/native/3.4.1056/avr8-gnu-toolchain/bin/../lib/gcc/avr/4.8.1/../../../../avr/lib/avr51\libc.a(ultoa_invert.o)
 *(.data*)
 .data.source_port
                0x00800200        0x2 Drivers/Ethernet/Ethernet.o
                0x00800200                source_port
 .data.server_port
                0x00800202        0x2 Drivers/Ethernet/Ethernet.o
                0x00800202                server_port
 .data.server_ip_addr
                0x00800204        0x4 Drivers/Ethernet/Ethernet.o
                0x00800204                server_ip_addr
 .data.gtw_addr
                0x00800208        0x4 Drivers/Ethernet/Ethernet.o
                0x00800208                gtw_addr
 .data.sub_mask
                0x0080020c        0x4 Drivers/Ethernet/Ethernet.o
                0x0080020c                sub_mask
 .data.local_ip_addr
                0x00800210        0x4 Drivers/Ethernet/Ethernet.o
                0x00800210                local_ip_addr
 .data.mac_addr
                0x00800214        0x6 Drivers/Ethernet/Ethernet.o
                0x00800214                mac_addr
 .data.gl_source_port
                0x0080021a        0x2 Drivers/Ethernet/EthernetDriver.o
                0x0080021a                gl_source_port
 .data.gl_server_port
                0x0080021c        0x2 Drivers/Ethernet/EthernetDriver.o
                0x0080021c                gl_server_port
 .data.gl_server_ip_addr
                0x0080021e        0x4 Drivers/Ethernet/EthernetDriver.o
                0x0080021e                gl_server_ip_addr
 .data.uart_stream
                0x00800222        0xe Drivers/Print/PrintDriver.o
                0x00800222                uart_stream
 *(.rodata)
 .rodata        0x00800230        0x5 Drivers/Voltage_Switching/SwitchingCircuitry.o
 .rodata        0x00800235        0x4 Drivers/Wifi/WifiDriver.o
 *(.rodata*)
 .rodata.str1.1
                0x00800239      0x195 Controller/ClientController.o
 .rodata.str1.1
                0x008003ce       0x2c Drivers/Ethernet/Ethernet.o
                                 0x44 (size before relaxing)
 .rodata.str1.1
                0x008003fa      0x241 Drivers/Ethernet/EthernetDriver.o
 .rodata.str1.1
                0x0080063b       0x24 Drivers/RAM/RAMDriver.o
 .rodata.str1.1
                0x0080065f       0xec Drivers/Wifi/Wifi.o
                                0x109 (size before relaxing)
 .rodata.str1.1
                0x0080074b       0xa1 Drivers/Wifi/WifiDriver.o
                                 0xb2 (size before relaxing)
 .rodata.str1.1
                0x008007ec       0x1e Hex/IntelHex.o
                                 0x26 (size before relaxing)
 .rodata.str1.1
                0x0080080a      0x111 Program/Program.o
                                0x11d (size before relaxing)
 .rodata.str1.1
                0x0080091b       0x93 Program/ProgramDriver.o
                                 0xa8 (size before relaxing)
 .rodata.str1.1
                0x008009ae        0x6 wipro.o
 *(.gnu.linkonce.d*)
                0x008009b4                . = ALIGN (0x2)
                0x008009b4                _edata = .
                0x008009b4                PROVIDE (__data_end, .)

.bss            0x008009b4      0x1e7
                0x008009b4                PROVIDE (__bss_start, .)
 *(.bss)
 *(.bss*)
 .bss.SignatureBytes.1866
                0x008009b4        0x3 Program/ProgramDriver.o
 *(COMMON)
 COMMON         0x008009b7       0x6e Controller/ClientController.o
                0x008009b7                filepath
                0x00800a1b                signatureBytes
                0x00800a1f                Flags
 COMMON         0x00800a25       0x96 Drivers/Ethernet/Ethernet.o
                0x00800a25                httpBuff
 COMMON         0x00800abb        0x8 Drivers/Ethernet/EthernetDriver.o
                0x00800abb                S0_TX_MASK
                0x00800abd                S0_TX_BASE
                0x00800abf                S0_RX_BASE
                0x00800ac1                S0_RX_MASK
 COMMON         0x00800ac3       0x1e Drivers/Voltage_Switching/SwitchingCircuitry.o
                0x00800ac3                ShiftRegData
 COMMON         0x00800ae1       0x80 Drivers/Wifi/WifiDriver.o
                0x00800ae1                endHeaderFlag
                0x00800ae2                multiReceiveFlag
                0x00800ae3                headerBuffer
                0x00800aec                buff
                0x00800aed                compressBuff
                0x00800aee                testPrint
                0x00800af0                i
                0x00800af2                secondNibble
                0x00800af3                compressFlag
                0x00800af4                transLength
                0x00800af6                RAMAddress
                0x00800afa                bufferStart
                0x00800afc                receiveWifiFlag
                0x00800afd                fullCommand
 COMMON         0x00800b61       0x34 Hex/IntelHex.o
                0x00800b61                hexRow
                0x00800b93                RAMOffset
 COMMON         0x00800b95        0x6 c:/program files (x86)/atmel/atmel toolchain/avr8 gcc/native/3.4.1056/avr8-gnu-toolchain/bin/../lib/gcc/avr/4.8.1/../../../../avr/lib/avr51\libc.a(iob.o)
                0x00800b95                __iob
                0x00800b9b                PROVIDE (__bss_end, .)
                0x00002848                __data_load_start = LOADADDR (.data)
                0x00002ffc                __data_load_end = (__data_load_start + SIZEOF (.data))

.noinit         0x00800b9b        0x0
                0x00800b9b                PROVIDE (__noinit_start, .)
 *(.noinit*)
                0x00800b9b                PROVIDE (__noinit_end, .)
                0x00800b9b                _end = .
                0x00800b9b                PROVIDE (__heap_start, .)

.eeprom         0x00810000        0x0
 *(.eeprom*)
                0x00810000                __eeprom_end = .

.fuse
 *(.fuse)
 *(.lfuse)
 *(.hfuse)
 *(.efuse)

.lock
 *(.lock*)

.signature
 *(.signature*)

.user_signatures
 *(.user_signatures*)

.stab
 *(.stab)

.stabstr
 *(.stabstr)

.stab.excl
 *(.stab.excl)

.stab.exclstr
 *(.stab.exclstr)

.stab.index
 *(.stab.index)

.stab.indexstr
 *(.stab.indexstr)

.comment        0x00000000       0x5c
 *(.comment)
 .comment       0x00000000       0x30 Controller/ClientController.o
                                 0x31 (size before relaxing)
 .comment       0x00000000       0x31 Drivers/Ethernet/Ethernet.o
 .comment       0x00000000       0x31 Drivers/Ethernet/EthernetDriver.o
 .comment       0x00000000       0x31 Drivers/FPGA/FPGA.o
 .comment       0x00000000       0x31 Drivers/Print/PrintDriver.o
 .comment       0x00000000       0x31 Drivers/RAM/RAMDriver.o
 .comment       0x00000000       0x31 Drivers/Voltage_Switching/SwitchingCircuitry.o
 .comment       0x00000000       0x31 Drivers/Voltage_Switching/VoltageControlDriver.o
 .comment       0x00000000       0x31 Drivers/Wifi/Wifi.o
 .comment       0x00000000       0x31 Drivers/Wifi/WifiDriver.o
 .comment       0x00000000       0x31 Hex/IntelHex.o
 .comment       0x00000000       0x31 Program/Program.o
 .comment       0x00000000       0x31 Program/ProgramDriver.o
 .comment       0x00000000       0x31 wipro.o
 .comment       0x00000000       0x31 c:/program files (x86)/atmel/atmel toolchain/avr8 gcc/native/3.4.1056/avr8-gnu-toolchain/bin/../lib/gcc/avr/4.8.1/../../../../avr/lib/avr51\libc.a(fputc.o)
 .comment       0x00000000       0x31 c:/program files (x86)/atmel/atmel toolchain/avr8 gcc/native/3.4.1056/avr8-gnu-toolchain/bin/../lib/gcc/avr/4.8.1/../../../../avr/lib/avr51\libc.a(iob.o)
 .comment       0x00000000       0x31 c:/program files (x86)/atmel/atmel toolchain/avr8 gcc/native/3.4.1056/avr8-gnu-toolchain/bin/../lib/gcc/avr/4.8.1/../../../../avr/lib/avr51\libc.a(printf.o)
 .comment       0x00000000       0x31 c:/program files (x86)/atmel/atmel toolchain/avr8 gcc/native/3.4.1056/avr8-gnu-toolchain/bin/../lib/gcc/avr/4.8.1/../../../../avr/lib/avr51\libc.a(putchar.o)
 .comment       0x00000000       0x31 c:/program files (x86)/atmel/atmel toolchain/avr8 gcc/native/3.4.1056/avr8-gnu-toolchain/bin/../lib/gcc/avr/4.8.1/../../../../avr/lib/avr51\libc.a(puts.o)
 .comment       0x00000030       0x2c c:/program files (x86)/atmel/atmel toolchain/avr8 gcc/native/3.4.1056/avr8-gnu-toolchain/bin/../lib/gcc/avr/4.8.1/../../../../avr/lib/avr51\libc.a(vfprintf_std.o)
                                 0x2d (size before relaxing)

.note.gnu.build-id
 *(.note.gnu.build-id)

.debug
 *(.debug)

.line
 *(.line)

.debug_srcinfo
 *(.debug_srcinfo)

.debug_sfnames
 *(.debug_sfnames)

.debug_aranges
 *(.debug_aranges)

.debug_pubnames
 *(.debug_pubnames)

.debug_info
 *(.debug_info .gnu.linkonce.wi.*)

.debug_abbrev
 *(.debug_abbrev)

.debug_line
 *(.debug_line .debug_line.* .debug_line_end)

.debug_frame
 *(.debug_frame)

.debug_str
 *(.debug_str)

.debug_loc
 *(.debug_loc)

.debug_macinfo
 *(.debug_macinfo)

.debug_weaknames
 *(.debug_weaknames)

.debug_funcnames
 *(.debug_funcnames)

.debug_typenames
 *(.debug_typenames)

.debug_varnames
 *(.debug_varnames)

.debug_pubtypes
 *(.debug_pubtypes)

.debug_ranges
 *(.debug_ranges)

.debug_macro
 *(.debug_macro)
OUTPUT(wipro.elf elf32-avr)
LOAD linker stubs
