Archive member included because of file (symbol)

c:/program files (x86)/atmel/atmel toolchain/avr8 gcc/native/3.4.1056/avr8-gnu-toolchain/bin/../lib/gcc/avr/4.8.1/avr51\libgcc.a(_udivmodsi4.o)
                              Program/ProgramDriver.o (__udivmodsi4)
c:/program files (x86)/atmel/atmel toolchain/avr8 gcc/native/3.4.1056/avr8-gnu-toolchain/bin/../lib/gcc/avr/4.8.1/avr51\libgcc.a(_exit.o)
                              c:/program files (x86)/atmel/atmel toolchain/avr8 gcc/native/3.4.1056/avr8-gnu-toolchain/bin/../lib/gcc/avr/4.8.1/../../../../avr/lib/avr51/crtm1280.o (exit)
c:/program files (x86)/atmel/atmel toolchain/avr8 gcc/native/3.4.1056/avr8-gnu-toolchain/bin/../lib/gcc/avr/4.8.1/avr51\libgcc.a(_copy_data.o)
                              Controller/ClientController.o (__do_copy_data)
c:/program files (x86)/atmel/atmel toolchain/avr8 gcc/native/3.4.1056/avr8-gnu-toolchain/bin/../lib/gcc/avr/4.8.1/avr51\libgcc.a(_clear_bss.o)
                              Controller/ClientController.o (__do_clear_bss)
c:/program files (x86)/atmel/atmel toolchain/avr8 gcc/native/3.4.1056/avr8-gnu-toolchain/bin/../lib/gcc/avr/4.8.1/avr51\libgcc.a(_umulhisi3.o)
                              Drivers/Ethernet/EthernetDriver.o (__umulhisi3)
c:/program files (x86)/atmel/atmel toolchain/avr8 gcc/native/3.4.1056/avr8-gnu-toolchain/bin/../lib/gcc/avr/4.8.1/../../../../avr/lib/avr51\libc.a(strcat.o)
                              Drivers/Ethernet/Ethernet.o (strcat)
c:/program files (x86)/atmel/atmel toolchain/avr8 gcc/native/3.4.1056/avr8-gnu-toolchain/bin/../lib/gcc/avr/4.8.1/../../../../avr/lib/avr51\libc.a(strcpy.o)
                              Controller/ClientController.o (strcpy)
c:/program files (x86)/atmel/atmel toolchain/avr8 gcc/native/3.4.1056/avr8-gnu-toolchain/bin/../lib/gcc/avr/4.8.1/../../../../avr/lib/avr51\libc.a(fputc.o)
                              Drivers/Print/PrintDriver.o (fputc)
c:/program files (x86)/atmel/atmel toolchain/avr8 gcc/native/3.4.1056/avr8-gnu-toolchain/bin/../lib/gcc/avr/4.8.1/../../../../avr/lib/avr51\libc.a(iob.o)
                              Drivers/Print/PrintDriver.o (__iob)
c:/program files (x86)/atmel/atmel toolchain/avr8 gcc/native/3.4.1056/avr8-gnu-toolchain/bin/../lib/gcc/avr/4.8.1/../../../../avr/lib/avr51\libc.a(printf.o)
                              Controller/ClientController.o (printf)
c:/program files (x86)/atmel/atmel toolchain/avr8 gcc/native/3.4.1056/avr8-gnu-toolchain/bin/../lib/gcc/avr/4.8.1/../../../../avr/lib/avr51\libc.a(putchar.o)
                              Controller/ClientController.o (putchar)
c:/program files (x86)/atmel/atmel toolchain/avr8 gcc/native/3.4.1056/avr8-gnu-toolchain/bin/../lib/gcc/avr/4.8.1/../../../../avr/lib/avr51\libc.a(puts.o)
                              Controller/ClientController.o (puts)
c:/program files (x86)/atmel/atmel toolchain/avr8 gcc/native/3.4.1056/avr8-gnu-toolchain/bin/../lib/gcc/avr/4.8.1/../../../../avr/lib/avr51\libc.a(vfprintf_std.o)
                              c:/program files (x86)/atmel/atmel toolchain/avr8 gcc/native/3.4.1056/avr8-gnu-toolchain/bin/../lib/gcc/avr/4.8.1/../../../../avr/lib/avr51\libc.a(printf.o) (vfprintf)
c:/program files (x86)/atmel/atmel toolchain/avr8 gcc/native/3.4.1056/avr8-gnu-toolchain/bin/../lib/gcc/avr/4.8.1/../../../../avr/lib/avr51\libc.a(strnlen_P.o)
                              c:/program files (x86)/atmel/atmel toolchain/avr8 gcc/native/3.4.1056/avr8-gnu-toolchain/bin/../lib/gcc/avr/4.8.1/../../../../avr/lib/avr51\libc.a(vfprintf_std.o) (strnlen_P)
c:/program files (x86)/atmel/atmel toolchain/avr8 gcc/native/3.4.1056/avr8-gnu-toolchain/bin/../lib/gcc/avr/4.8.1/../../../../avr/lib/avr51\libc.a(strnlen.o)
                              c:/program files (x86)/atmel/atmel toolchain/avr8 gcc/native/3.4.1056/avr8-gnu-toolchain/bin/../lib/gcc/avr/4.8.1/../../../../avr/lib/avr51\libc.a(vfprintf_std.o) (strnlen)
c:/program files (x86)/atmel/atmel toolchain/avr8 gcc/native/3.4.1056/avr8-gnu-toolchain/bin/../lib/gcc/avr/4.8.1/../../../../avr/lib/avr51\libc.a(ultoa_invert.o)
                              c:/program files (x86)/atmel/atmel toolchain/avr8 gcc/native/3.4.1056/avr8-gnu-toolchain/bin/../lib/gcc/avr/4.8.1/../../../../avr/lib/avr51\libc.a(vfprintf_std.o) (__ultoa_invert)

Allocating common symbols
Common symbol       size              file

filepath            0x64              Controller/ClientController.o
endHeaderFlag       0x1               Drivers/Wifi/WifiDriver.o
hexRow              0x32              Hex/IntelHex.o
S0_TX_MASK          0x2               Drivers/Ethernet/EthernetDriver.o
multiReceiveFlag    0x1               Drivers/Wifi/WifiDriver.o
signatureBytes      0x4               Controller/ClientController.o
headerBuffer        0x9               Drivers/Wifi/WifiDriver.o
S0_TX_BASE          0x2               Drivers/Ethernet/EthernetDriver.o
buff                0x1               Drivers/Wifi/WifiDriver.o
compressBuff        0x1               Drivers/Wifi/WifiDriver.o
httpBuff            0x96              Drivers/Ethernet/Ethernet.o
testPrint           0x2               Drivers/Wifi/WifiDriver.o
i                   0x2               Drivers/Wifi/WifiDriver.o
secondNibble        0x1               Drivers/Wifi/WifiDriver.o
RAMOffset           0x2               Hex/IntelHex.o
S0_RX_BASE          0x2               Drivers/Ethernet/EthernetDriver.o
compressFlag        0x1               Drivers/Wifi/WifiDriver.o
transLength         0x2               Drivers/Wifi/WifiDriver.o
RAMAddress          0x4               Drivers/Wifi/WifiDriver.o
Flags               0x6               Controller/ClientController.o
S0_RX_MASK          0x2               Drivers/Ethernet/EthernetDriver.o
bufferStart         0x2               Drivers/Wifi/WifiDriver.o
__iob               0x6               c:/program files (x86)/atmel/atmel toolchain/avr8 gcc/native/3.4.1056/avr8-gnu-toolchain/bin/../lib/gcc/avr/4.8.1/../../../../avr/lib/avr51\libc.a(iob.o)
receiveWifiFlag     0x1               Drivers/Wifi/WifiDriver.o
fullCommand         0x64              Drivers/Wifi/WifiDriver.o
ShiftRegData        0x1e              Drivers/Voltage_Switching/SwitchingCircuitry.o

Discarded input sections

 .bss           0x00000000        0x0 c:/program files (x86)/atmel/atmel toolchain/avr8 gcc/native/3.4.1056/avr8-gnu-toolchain/bin/../lib/gcc/avr/4.8.1/../../../../avr/lib/avr51/crtm1280.o
 .text          0x00000000        0x0 Controller/ClientController.o
 .bss           0x00000000        0x0 Controller/ClientController.o
 .text.checkWifiStatus
                0x00000000        0xe Controller/ClientController.o
 .text.sendAvailableNetworks
                0x00000000       0xf4 Controller/ClientController.o
 .text          0x00000000        0x0 Drivers/Ethernet/Ethernet.o
 .bss           0x00000000        0x0 Drivers/Ethernet/Ethernet.o
 .text.getFileEthernet
                0x00000000       0xd8 Drivers/Ethernet/Ethernet.o
 .text.sendRequestEthernet
                0x00000000        0x2 Drivers/Ethernet/Ethernet.o
 .text          0x00000000        0x0 Drivers/Ethernet/EthernetDriver.o
 .bss           0x00000000        0x0 Drivers/Ethernet/EthernetDriver.o
 .text.ReceiveSize
                0x00000000       0x28 Drivers/Ethernet/EthernetDriver.o
 .text.ReceiveData
                0x00000000      0x156 Drivers/Ethernet/EthernetDriver.o
 .text.SocketDisconnect
                0x00000000       0x14 Drivers/Ethernet/EthernetDriver.o
 .text.EnableEthernetInterrupt
                0x00000000       0x16 Drivers/Ethernet/EthernetDriver.o
 .text.ResolveIP
                0x00000000        0xe Drivers/Ethernet/EthernetDriver.o
 .text.getReceiveFlag
                0x00000000        0xa Drivers/Ethernet/EthernetDriver.o
 .bss.receiveFlag
                0x00000000        0x2 Drivers/Ethernet/EthernetDriver.o
 .text          0x00000000        0x0 Drivers/FPGA/FPGA.o
 .bss           0x00000000        0x0 Drivers/FPGA/FPGA.o
 .text          0x00000000        0x0 Drivers/Print/PrintDriver.o
 .bss           0x00000000        0x0 Drivers/Print/PrintDriver.o
 .text.uart_flush
                0x00000000       0x1a Drivers/Print/PrintDriver.o
 .text.uart_putch
                0x00000000       0x24 Drivers/Print/PrintDriver.o
 .text.uart_getch
                0x00000000       0x20 Drivers/Print/PrintDriver.o
 .text.ansi_cl  0x00000000       0x56 Drivers/Print/PrintDriver.o
 .text.ansi_me  0x00000000       0x3e Drivers/Print/PrintDriver.o
 .text.UARTStream_Init
                0x00000000       0x2e Drivers/Print/PrintDriver.o
 .text          0x00000000        0x0 Drivers/RAM/RAMDriver.o
 .bss           0x00000000        0x0 Drivers/RAM/RAMDriver.o
 .text.setSPIClockDiv
                0x00000000        0x6 Drivers/RAM/RAMDriver.o
 .text.getRAMStatus
                0x00000000       0x1c Drivers/RAM/RAMDriver.o
 .text.RAMWrite
                0x00000000       0x80 Drivers/RAM/RAMDriver.o
 .text.RAMRead  0x00000000       0x68 Drivers/RAM/RAMDriver.o
 .text          0x00000000        0x0 Drivers/Voltage_Switching/SwitchingCircuitry.o
 .bss           0x00000000        0x0 Drivers/Voltage_Switching/SwitchingCircuitry.o
 .text.SwitchingCircuitryEnable
                0x00000000       0x34 Drivers/Voltage_Switching/SwitchingCircuitry.o
 .text.ClearShiftRegData
                0x00000000       0x26 Drivers/Voltage_Switching/SwitchingCircuitry.o
 .text          0x00000000        0x0 Drivers/Voltage_Switching/VoltageControlDriver.o
 .bss           0x00000000        0x0 Drivers/Voltage_Switching/VoltageControlDriver.o
 .text.VppClear
                0x00000000        0xa Drivers/Voltage_Switching/VoltageControlDriver.o
 .text.VccClear
                0x00000000        0xa Drivers/Voltage_Switching/VoltageControlDriver.o
 .text.VLogicClear
                0x00000000        0xa Drivers/Voltage_Switching/VoltageControlDriver.o
 .text          0x00000000        0x0 Drivers/Wifi/Wifi.o
 .bss           0x00000000        0x0 Drivers/Wifi/Wifi.o
 .text.wifiInit
                0x00000000        0x6 Drivers/Wifi/Wifi.o
 .text.setMachineMode
                0x00000000       0x42 Drivers/Wifi/Wifi.o
 .text.setHumanMode
                0x00000000       0x3e Drivers/Wifi/Wifi.o
 .text.networkScan
                0x00000000       0x26 Drivers/Wifi/Wifi.o
 .text.networkTest
                0x00000000       0x46 Drivers/Wifi/Wifi.o
 .text.serverConnect
                0x00000000       0x52 Drivers/Wifi/Wifi.o
 .text.networkQueryString
                0x00000000      0x110 Drivers/Wifi/Wifi.o
 .text          0x00000000        0x0 Drivers/Wifi/WifiDriver.o
 .bss           0x00000000        0x0 Drivers/Wifi/WifiDriver.o
 .text.wifiDriverInit
                0x00000000       0x54 Drivers/Wifi/WifiDriver.o
 .text.setTestPrint
                0x00000000        0xa Drivers/Wifi/WifiDriver.o
 .text.setCompressFlag
                0x00000000        0x6 Drivers/Wifi/WifiDriver.o
 .text.setMultiReceiveFlag
                0x00000000        0x6 Drivers/Wifi/WifiDriver.o
 .text.getStringLen
                0x00000000       0x1e Drivers/Wifi/WifiDriver.o
 .text.uart_receive
                0x00000000       0x98 Drivers/Wifi/WifiDriver.o
 .text.getReceiveBuffer
                0x00000000       0x1e Drivers/Wifi/WifiDriver.o
 .text.errorCheck
                0x00000000       0x2a Drivers/Wifi/WifiDriver.o
 .text          0x00000000        0x0 Hex/IntelHex.o
 .bss           0x00000000        0x0 Hex/IntelHex.o
 .text          0x00000000        0x0 Program/Program.o
 .bss           0x00000000        0x0 Program/Program.o
 .text.selectChip
                0x00000000       0x1e Program/Program.o
 .text.checkSum
                0x00000000       0xde Program/Program.o
 .text          0x00000000        0x0 Program/ProgramDriver.o
 .bss           0x00000000        0x0 Program/ProgramDriver.o
 .text          0x00000000        0x0 wipro.o
 .bss           0x00000000        0x0 wipro.o
 .text          0x00000000        0x0 c:/program files (x86)/atmel/atmel toolchain/avr8 gcc/native/3.4.1056/avr8-gnu-toolchain/bin/../lib/gcc/avr/4.8.1/avr51\libgcc.a(_udivmodsi4.o)
 .bss           0x00000000        0x0 c:/program files (x86)/atmel/atmel toolchain/avr8 gcc/native/3.4.1056/avr8-gnu-toolchain/bin/../lib/gcc/avr/4.8.1/avr51\libgcc.a(_udivmodsi4.o)
 .text.libgcc.mul
                0x00000000        0x0 c:/program files (x86)/atmel/atmel toolchain/avr8 gcc/native/3.4.1056/avr8-gnu-toolchain/bin/../lib/gcc/avr/4.8.1/avr51\libgcc.a(_udivmodsi4.o)
 .text.libgcc   0x00000000        0x0 c:/program files (x86)/atmel/atmel toolchain/avr8 gcc/native/3.4.1056/avr8-gnu-toolchain/bin/../lib/gcc/avr/4.8.1/avr51\libgcc.a(_udivmodsi4.o)
 .text.libgcc.prologue
                0x00000000        0x0 c:/program files (x86)/atmel/atmel toolchain/avr8 gcc/native/3.4.1056/avr8-gnu-toolchain/bin/../lib/gcc/avr/4.8.1/avr51\libgcc.a(_udivmodsi4.o)
 .text.libgcc.builtins
                0x00000000        0x0 c:/program files (x86)/atmel/atmel toolchain/avr8 gcc/native/3.4.1056/avr8-gnu-toolchain/bin/../lib/gcc/avr/4.8.1/avr51\libgcc.a(_udivmodsi4.o)
 .text.libgcc.fmul
                0x00000000        0x0 c:/program files (x86)/atmel/atmel toolchain/avr8 gcc/native/3.4.1056/avr8-gnu-toolchain/bin/../lib/gcc/avr/4.8.1/avr51\libgcc.a(_udivmodsi4.o)
 .text.libgcc.fixed
                0x00000000        0x0 c:/program files (x86)/atmel/atmel toolchain/avr8 gcc/native/3.4.1056/avr8-gnu-toolchain/bin/../lib/gcc/avr/4.8.1/avr51\libgcc.a(_udivmodsi4.o)
 .text          0x00000000        0x0 c:/program files (x86)/atmel/atmel toolchain/avr8 gcc/native/3.4.1056/avr8-gnu-toolchain/bin/../lib/gcc/avr/4.8.1/avr51\libgcc.a(_exit.o)
 .bss           0x00000000        0x0 c:/program files (x86)/atmel/atmel toolchain/avr8 gcc/native/3.4.1056/avr8-gnu-toolchain/bin/../lib/gcc/avr/4.8.1/avr51\libgcc.a(_exit.o)
 .text.libgcc.mul
                0x00000000        0x0 c:/program files (x86)/atmel/atmel toolchain/avr8 gcc/native/3.4.1056/avr8-gnu-toolchain/bin/../lib/gcc/avr/4.8.1/avr51\libgcc.a(_exit.o)
 .text.libgcc.div
                0x00000000        0x0 c:/program files (x86)/atmel/atmel toolchain/avr8 gcc/native/3.4.1056/avr8-gnu-toolchain/bin/../lib/gcc/avr/4.8.1/avr51\libgcc.a(_exit.o)
 .text.libgcc   0x00000000        0x0 c:/program files (x86)/atmel/atmel toolchain/avr8 gcc/native/3.4.1056/avr8-gnu-toolchain/bin/../lib/gcc/avr/4.8.1/avr51\libgcc.a(_exit.o)
 .text.libgcc.prologue
                0x00000000        0x0 c:/program files (x86)/atmel/atmel toolchain/avr8 gcc/native/3.4.1056/avr8-gnu-toolchain/bin/../lib/gcc/avr/4.8.1/avr51\libgcc.a(_exit.o)
 .text.libgcc.builtins
                0x00000000        0x0 c:/program files (x86)/atmel/atmel toolchain/avr8 gcc/native/3.4.1056/avr8-gnu-toolchain/bin/../lib/gcc/avr/4.8.1/avr51\libgcc.a(_exit.o)
 .text.libgcc.fmul
                0x00000000        0x0 c:/program files (x86)/atmel/atmel toolchain/avr8 gcc/native/3.4.1056/avr8-gnu-toolchain/bin/../lib/gcc/avr/4.8.1/avr51\libgcc.a(_exit.o)
 .text.libgcc.fixed
                0x00000000        0x0 c:/program files (x86)/atmel/atmel toolchain/avr8 gcc/native/3.4.1056/avr8-gnu-toolchain/bin/../lib/gcc/avr/4.8.1/avr51\libgcc.a(_exit.o)
 .text          0x00000000        0x0 c:/program files (x86)/atmel/atmel toolchain/avr8 gcc/native/3.4.1056/avr8-gnu-toolchain/bin/../lib/gcc/avr/4.8.1/avr51\libgcc.a(_copy_data.o)
 .bss           0x00000000        0x0 c:/program files (x86)/atmel/atmel toolchain/avr8 gcc/native/3.4.1056/avr8-gnu-toolchain/bin/../lib/gcc/avr/4.8.1/avr51\libgcc.a(_copy_data.o)
 .text.libgcc.mul
                0x00000000        0x0 c:/program files (x86)/atmel/atmel toolchain/avr8 gcc/native/3.4.1056/avr8-gnu-toolchain/bin/../lib/gcc/avr/4.8.1/avr51\libgcc.a(_copy_data.o)
 .text.libgcc.div
                0x00000000        0x0 c:/program files (x86)/atmel/atmel toolchain/avr8 gcc/native/3.4.1056/avr8-gnu-toolchain/bin/../lib/gcc/avr/4.8.1/avr51\libgcc.a(_copy_data.o)
 .text.libgcc   0x00000000        0x0 c:/program files (x86)/atmel/atmel toolchain/avr8 gcc/native/3.4.1056/avr8-gnu-toolchain/bin/../lib/gcc/avr/4.8.1/avr51\libgcc.a(_copy_data.o)
 .text.libgcc.prologue
                0x00000000        0x0 c:/program files (x86)/atmel/atmel toolchain/avr8 gcc/native/3.4.1056/avr8-gnu-toolchain/bin/../lib/gcc/avr/4.8.1/avr51\libgcc.a(_copy_data.o)
 .text.libgcc.builtins
                0x00000000        0x0 c:/program files (x86)/atmel/atmel toolchain/avr8 gcc/native/3.4.1056/avr8-gnu-toolchain/bin/../lib/gcc/avr/4.8.1/avr51\libgcc.a(_copy_data.o)
 .text.libgcc.fmul
                0x00000000        0x0 c:/program files (x86)/atmel/atmel toolchain/avr8 gcc/native/3.4.1056/avr8-gnu-toolchain/bin/../lib/gcc/avr/4.8.1/avr51\libgcc.a(_copy_data.o)
 .text.libgcc.fixed
                0x00000000        0x0 c:/program files (x86)/atmel/atmel toolchain/avr8 gcc/native/3.4.1056/avr8-gnu-toolchain/bin/../lib/gcc/avr/4.8.1/avr51\libgcc.a(_copy_data.o)
 .text          0x00000000        0x0 c:/program files (x86)/atmel/atmel toolchain/avr8 gcc/native/3.4.1056/avr8-gnu-toolchain/bin/../lib/gcc/avr/4.8.1/avr51\libgcc.a(_clear_bss.o)
 .bss           0x00000000        0x0 c:/program files (x86)/atmel/atmel toolchain/avr8 gcc/native/3.4.1056/avr8-gnu-toolchain/bin/../lib/gcc/avr/4.8.1/avr51\libgcc.a(_clear_bss.o)
 .text.libgcc.mul
                0x00000000        0x0 c:/program files (x86)/atmel/atmel toolchain/avr8 gcc/native/3.4.1056/avr8-gnu-toolchain/bin/../lib/gcc/avr/4.8.1/avr51\libgcc.a(_clear_bss.o)
 .text.libgcc.div
                0x00000000        0x0 c:/program files (x86)/atmel/atmel toolchain/avr8 gcc/native/3.4.1056/avr8-gnu-toolchain/bin/../lib/gcc/avr/4.8.1/avr51\libgcc.a(_clear_bss.o)
 .text.libgcc   0x00000000        0x0 c:/program files (x86)/atmel/atmel toolchain/avr8 gcc/native/3.4.1056/avr8-gnu-toolchain/bin/../lib/gcc/avr/4.8.1/avr51\libgcc.a(_clear_bss.o)
 .text.libgcc.prologue
                0x00000000        0x0 c:/program files (x86)/atmel/atmel toolchain/avr8 gcc/native/3.4.1056/avr8-gnu-toolchain/bin/../lib/gcc/avr/4.8.1/avr51\libgcc.a(_clear_bss.o)
 .text.libgcc.builtins
                0x00000000        0x0 c:/program files (x86)/atmel/atmel toolchain/avr8 gcc/native/3.4.1056/avr8-gnu-toolchain/bin/../lib/gcc/avr/4.8.1/avr51\libgcc.a(_clear_bss.o)
 .text.libgcc.fmul
                0x00000000        0x0 c:/program files (x86)/atmel/atmel toolchain/avr8 gcc/native/3.4.1056/avr8-gnu-toolchain/bin/../lib/gcc/avr/4.8.1/avr51\libgcc.a(_clear_bss.o)
 .text.libgcc.fixed
                0x00000000        0x0 c:/program files (x86)/atmel/atmel toolchain/avr8 gcc/native/3.4.1056/avr8-gnu-toolchain/bin/../lib/gcc/avr/4.8.1/avr51\libgcc.a(_clear_bss.o)
 .text          0x00000000        0x0 c:/program files (x86)/atmel/atmel toolchain/avr8 gcc/native/3.4.1056/avr8-gnu-toolchain/bin/../lib/gcc/avr/4.8.1/avr51\libgcc.a(_umulhisi3.o)
 .bss           0x00000000        0x0 c:/program files (x86)/atmel/atmel toolchain/avr8 gcc/native/3.4.1056/avr8-gnu-toolchain/bin/../lib/gcc/avr/4.8.1/avr51\libgcc.a(_umulhisi3.o)
 .text.libgcc.div
                0x00000000        0x0 c:/program files (x86)/atmel/atmel toolchain/avr8 gcc/native/3.4.1056/avr8-gnu-toolchain/bin/../lib/gcc/avr/4.8.1/avr51\libgcc.a(_umulhisi3.o)
 .text.libgcc   0x00000000        0x0 c:/program files (x86)/atmel/atmel toolchain/avr8 gcc/native/3.4.1056/avr8-gnu-toolchain/bin/../lib/gcc/avr/4.8.1/avr51\libgcc.a(_umulhisi3.o)
 .text.libgcc.prologue
                0x00000000        0x0 c:/program files (x86)/atmel/atmel toolchain/avr8 gcc/native/3.4.1056/avr8-gnu-toolchain/bin/../lib/gcc/avr/4.8.1/avr51\libgcc.a(_umulhisi3.o)
 .text.libgcc.builtins
                0x00000000        0x0 c:/program files (x86)/atmel/atmel toolchain/avr8 gcc/native/3.4.1056/avr8-gnu-toolchain/bin/../lib/gcc/avr/4.8.1/avr51\libgcc.a(_umulhisi3.o)
 .text.libgcc.fmul
                0x00000000        0x0 c:/program files (x86)/atmel/atmel toolchain/avr8 gcc/native/3.4.1056/avr8-gnu-toolchain/bin/../lib/gcc/avr/4.8.1/avr51\libgcc.a(_umulhisi3.o)
 .text.libgcc.fixed
                0x00000000        0x0 c:/program files (x86)/atmel/atmel toolchain/avr8 gcc/native/3.4.1056/avr8-gnu-toolchain/bin/../lib/gcc/avr/4.8.1/avr51\libgcc.a(_umulhisi3.o)
 .text          0x00000000        0x0 c:/program files (x86)/atmel/atmel toolchain/avr8 gcc/native/3.4.1056/avr8-gnu-toolchain/bin/../lib/gcc/avr/4.8.1/../../../../avr/lib/avr51\libc.a(strcat.o)
 .bss           0x00000000        0x0 c:/program files (x86)/atmel/atmel toolchain/avr8 gcc/native/3.4.1056/avr8-gnu-toolchain/bin/../lib/gcc/avr/4.8.1/../../../../avr/lib/avr51\libc.a(strcat.o)
 .text          0x00000000        0x0 c:/program files (x86)/atmel/atmel toolchain/avr8 gcc/native/3.4.1056/avr8-gnu-toolchain/bin/../lib/gcc/avr/4.8.1/../../../../avr/lib/avr51\libc.a(strcpy.o)
 .bss           0x00000000        0x0 c:/program files (x86)/atmel/atmel toolchain/avr8 gcc/native/3.4.1056/avr8-gnu-toolchain/bin/../lib/gcc/avr/4.8.1/../../../../avr/lib/avr51\libc.a(strcpy.o)
 .text          0x00000000        0x0 c:/program files (x86)/atmel/atmel toolchain/avr8 gcc/native/3.4.1056/avr8-gnu-toolchain/bin/../lib/gcc/avr/4.8.1/../../../../avr/lib/avr51\libc.a(fputc.o)
 .bss           0x00000000        0x0 c:/program files (x86)/atmel/atmel toolchain/avr8 gcc/native/3.4.1056/avr8-gnu-toolchain/bin/../lib/gcc/avr/4.8.1/../../../../avr/lib/avr51\libc.a(fputc.o)
 .text          0x00000000        0x0 c:/program files (x86)/atmel/atmel toolchain/avr8 gcc/native/3.4.1056/avr8-gnu-toolchain/bin/../lib/gcc/avr/4.8.1/../../../../avr/lib/avr51\libc.a(iob.o)
 .bss           0x00000000        0x0 c:/program files (x86)/atmel/atmel toolchain/avr8 gcc/native/3.4.1056/avr8-gnu-toolchain/bin/../lib/gcc/avr/4.8.1/../../../../avr/lib/avr51\libc.a(iob.o)
 .text          0x00000000        0x0 c:/program files (x86)/atmel/atmel toolchain/avr8 gcc/native/3.4.1056/avr8-gnu-toolchain/bin/../lib/gcc/avr/4.8.1/../../../../avr/lib/avr51\libc.a(printf.o)
 .bss           0x00000000        0x0 c:/program files (x86)/atmel/atmel toolchain/avr8 gcc/native/3.4.1056/avr8-gnu-toolchain/bin/../lib/gcc/avr/4.8.1/../../../../avr/lib/avr51\libc.a(printf.o)
 .text          0x00000000        0x0 c:/program files (x86)/atmel/atmel toolchain/avr8 gcc/native/3.4.1056/avr8-gnu-toolchain/bin/../lib/gcc/avr/4.8.1/../../../../avr/lib/avr51\libc.a(putchar.o)
 .bss           0x00000000        0x0 c:/program files (x86)/atmel/atmel toolchain/avr8 gcc/native/3.4.1056/avr8-gnu-toolchain/bin/../lib/gcc/avr/4.8.1/../../../../avr/lib/avr51\libc.a(putchar.o)
 .text          0x00000000        0x0 c:/program files (x86)/atmel/atmel toolchain/avr8 gcc/native/3.4.1056/avr8-gnu-toolchain/bin/../lib/gcc/avr/4.8.1/../../../../avr/lib/avr51\libc.a(puts.o)
 .bss           0x00000000        0x0 c:/program files (x86)/atmel/atmel toolchain/avr8 gcc/native/3.4.1056/avr8-gnu-toolchain/bin/../lib/gcc/avr/4.8.1/../../../../avr/lib/avr51\libc.a(puts.o)
 .text          0x00000000        0x0 c:/program files (x86)/atmel/atmel toolchain/avr8 gcc/native/3.4.1056/avr8-gnu-toolchain/bin/../lib/gcc/avr/4.8.1/../../../../avr/lib/avr51\libc.a(vfprintf_std.o)
 .bss           0x00000000        0x0 c:/program files (x86)/atmel/atmel toolchain/avr8 gcc/native/3.4.1056/avr8-gnu-toolchain/bin/../lib/gcc/avr/4.8.1/../../../../avr/lib/avr51\libc.a(vfprintf_std.o)
 .text          0x00000000        0x0 c:/program files (x86)/atmel/atmel toolchain/avr8 gcc/native/3.4.1056/avr8-gnu-toolchain/bin/../lib/gcc/avr/4.8.1/../../../../avr/lib/avr51\libc.a(strnlen_P.o)
 .bss           0x00000000        0x0 c:/program files (x86)/atmel/atmel toolchain/avr8 gcc/native/3.4.1056/avr8-gnu-toolchain/bin/../lib/gcc/avr/4.8.1/../../../../avr/lib/avr51\libc.a(strnlen_P.o)
 .text          0x00000000        0x0 c:/program files (x86)/atmel/atmel toolchain/avr8 gcc/native/3.4.1056/avr8-gnu-toolchain/bin/../lib/gcc/avr/4.8.1/../../../../avr/lib/avr51\libc.a(strnlen.o)
 .bss           0x00000000        0x0 c:/program files (x86)/atmel/atmel toolchain/avr8 gcc/native/3.4.1056/avr8-gnu-toolchain/bin/../lib/gcc/avr/4.8.1/../../../../avr/lib/avr51\libc.a(strnlen.o)
 .text          0x00000000        0x0 c:/program files (x86)/atmel/atmel toolchain/avr8 gcc/native/3.4.1056/avr8-gnu-toolchain/bin/../lib/gcc/avr/4.8.1/../../../../avr/lib/avr51\libc.a(ultoa_invert.o)
 .bss           0x00000000        0x0 c:/program files (x86)/atmel/atmel toolchain/avr8 gcc/native/3.4.1056/avr8-gnu-toolchain/bin/../lib/gcc/avr/4.8.1/../../../../avr/lib/avr51\libc.a(ultoa_invert.o)

Memory Configuration

Name             Origin             Length             Attributes
text             0x00000000         0x00020000         xr
data             0x00800100         0x0000ff00         rw !x
eeprom           0x00810000         0x00010000         rw !x
fuse             0x00820000         0x00000400         rw !x
lock             0x00830000         0x00000400         rw !x
signature        0x00840000         0x00000400         rw !x
user_signatures  0x00850000         0x00000400         rw !x
*default*        0x00000000         0xffffffff

Linker script and memory map

Address of section .data set to 0x800200
LOAD c:/program files (x86)/atmel/atmel toolchain/avr8 gcc/native/3.4.1056/avr8-gnu-toolchain/bin/../lib/gcc/avr/4.8.1/../../../../avr/lib/avr51/crtm1280.o
LOAD Controller/ClientController.o
LOAD Drivers/Ethernet/Ethernet.o
LOAD Drivers/Ethernet/EthernetDriver.o
LOAD Drivers/FPGA/FPGA.o
LOAD Drivers/Print/PrintDriver.o
LOAD Drivers/RAM/RAMDriver.o
LOAD Drivers/Voltage_Switching/SwitchingCircuitry.o
LOAD Drivers/Voltage_Switching/VoltageControlDriver.o
LOAD Drivers/Wifi/Wifi.o
LOAD Drivers/Wifi/WifiDriver.o
LOAD Hex/IntelHex.o
LOAD Program/Program.o
LOAD Program/ProgramDriver.o
LOAD wipro.o
START GROUP
LOAD c:/program files (x86)/atmel/atmel toolchain/avr8 gcc/native/3.4.1056/avr8-gnu-toolchain/bin/../lib/gcc/avr/4.8.1/../../../../avr/lib/avr51\libm.a
END GROUP
START GROUP
LOAD c:/program files (x86)/atmel/atmel toolchain/avr8 gcc/native/3.4.1056/avr8-gnu-toolchain/bin/../lib/gcc/avr/4.8.1/avr51\libgcc.a
LOAD c:/program files (x86)/atmel/atmel toolchain/avr8 gcc/native/3.4.1056/avr8-gnu-toolchain/bin/../lib/gcc/avr/4.8.1/../../../../avr/lib/avr51\libm.a
LOAD c:/program files (x86)/atmel/atmel toolchain/avr8 gcc/native/3.4.1056/avr8-gnu-toolchain/bin/../lib/gcc/avr/4.8.1/../../../../avr/lib/avr51\libc.a
END GROUP

.hash
 *(.hash)

.dynsym
 *(.dynsym)

.dynstr
 *(.dynstr)

.gnu.version
 *(.gnu.version)

.gnu.version_d
 *(.gnu.version_d)

.gnu.version_r
 *(.gnu.version_r)

.rel.init
 *(.rel.init)

.rela.init
 *(.rela.init)

.rel.text
 *(.rel.text)
 *(.rel.text.*)
 *(.rel.gnu.linkonce.t*)

.rela.text
 *(.rela.text)
 *(.rela.text.*)
 *(.rela.gnu.linkonce.t*)

.rel.fini
 *(.rel.fini)

.rela.fini
 *(.rela.fini)

.rel.rodata
 *(.rel.rodata)
 *(.rel.rodata.*)
 *(.rel.gnu.linkonce.r*)

.rela.rodata
 *(.rela.rodata)
 *(.rela.rodata.*)
 *(.rela.gnu.linkonce.r*)

.rel.data
 *(.rel.data)
 *(.rel.data.*)
 *(.rel.gnu.linkonce.d*)

.rela.data
 *(.rela.data)
 *(.rela.data.*)
 *(.rela.gnu.linkonce.d*)

.rel.ctors
 *(.rel.ctors)

.rela.ctors
 *(.rela.ctors)

.rel.dtors
 *(.rel.dtors)

.rela.dtors
 *(.rela.dtors)

.rel.got
 *(.rel.got)

.rela.got
 *(.rela.got)

.rel.bss
 *(.rel.bss)

.rela.bss
 *(.rela.bss)

.rel.plt
 *(.rel.plt)

.rela.plt
 *(.rela.plt)

.text           0x00000000     0x2aaa
 *(.vectors)
 .vectors       0x00000000       0xe4 c:/program files (x86)/atmel/atmel toolchain/avr8 gcc/native/3.4.1056/avr8-gnu-toolchain/bin/../lib/gcc/avr/4.8.1/../../../../avr/lib/avr51/crtm1280.o
                0x00000000                __vector_default
                0x00000000                __vectors
 *(.vectors)
 *(.progmem.gcc*)
                0x000000e4                . = ALIGN (0x2)
                0x000000e4                __trampolines_start = .
 *(.trampolines)
 .trampolines   0x000000e4        0x0 linker stubs
 *(.trampolines*)
                0x000000e4                __trampolines_end = .
 *(.progmem*)
                0x000000e4                . = ALIGN (0x2)
 *(.jumptables)
 *(.jumptables*)
 *(.lowtext)
 *(.lowtext*)
                0x000000e4                __ctors_start = .
 *(.ctors)
                0x000000e4                __ctors_end = .
                0x000000e4                __dtors_start = .
 *(.dtors)
                0x000000e4                __dtors_end = .
 SORT(*)(.ctors)
 SORT(*)(.dtors)
 *(.init0)
 .init0         0x000000e4        0x0 c:/program files (x86)/atmel/atmel toolchain/avr8 gcc/native/3.4.1056/avr8-gnu-toolchain/bin/../lib/gcc/avr/4.8.1/../../../../avr/lib/avr51/crtm1280.o
                0x000000e4                __init
 *(.init0)
 *(.init1)
 *(.init1)
 *(.init2)
 .init2         0x000000e4        0xc c:/program files (x86)/atmel/atmel toolchain/avr8 gcc/native/3.4.1056/avr8-gnu-toolchain/bin/../lib/gcc/avr/4.8.1/../../../../avr/lib/avr51/crtm1280.o
 *(.init2)
 *(.init3)
 *(.init3)
 *(.init4)
 .init4         0x000000f0       0x1a c:/program files (x86)/atmel/atmel toolchain/avr8 gcc/native/3.4.1056/avr8-gnu-toolchain/bin/../lib/gcc/avr/4.8.1/avr51\libgcc.a(_copy_data.o)
                0x000000f0                __do_copy_data
 .init4         0x0000010a       0x10 c:/program files (x86)/atmel/atmel toolchain/avr8 gcc/native/3.4.1056/avr8-gnu-toolchain/bin/../lib/gcc/avr/4.8.1/avr51\libgcc.a(_clear_bss.o)
                0x0000010a                __do_clear_bss
 *(.init4)
 *(.init5)
 *(.init5)
 *(.init6)
 *(.init6)
 *(.init7)
 *(.init7)
 *(.init8)
 *(.init8)
 *(.init9)
 .init9         0x0000011a        0x8 c:/program files (x86)/atmel/atmel toolchain/avr8 gcc/native/3.4.1056/avr8-gnu-toolchain/bin/../lib/gcc/avr/4.8.1/../../../../avr/lib/avr51/crtm1280.o
 *(.init9)
 *(.text)
 .text          0x00000122        0x2 c:/program files (x86)/atmel/atmel toolchain/avr8 gcc/native/3.4.1056/avr8-gnu-toolchain/bin/../lib/gcc/avr/4.8.1/../../../../avr/lib/avr51/crtm1280.o
                0x00000122                __vector_38
                0x00000122                __vector_22
                0x00000122                __vector_28
                0x00000122                __vector_1
                0x00000122                __vector_32
                0x00000122                __vector_34
                0x00000122                __vector_24
                0x00000122                __vector_12
                0x00000122                __vector_55
                0x00000122                __vector_46
                0x00000122                __bad_interrupt
                0x00000122                __vector_31
                0x00000122                __vector_35
                0x00000122                __vector_39
                0x00000122                __vector_3
                0x00000122                __vector_23
                0x00000122                __vector_30
                0x00000122                __vector_45
                0x00000122                __vector_11
                0x00000122                __vector_54
                0x00000122                __vector_13
                0x00000122                __vector_17
                0x00000122                __vector_19
                0x00000122                __vector_56
                0x00000122                __vector_7
                0x00000122                __vector_49
                0x00000122                __vector_41
                0x00000122                __vector_43
                0x00000122                __vector_27
                0x00000122                __vector_5
                0x00000122                __vector_33
                0x00000122                __vector_47
                0x00000122                __vector_52
                0x00000122                __vector_37
                0x00000122                __vector_4
                0x00000122                __vector_44
                0x00000122                __vector_51
                0x00000122                __vector_9
                0x00000122                __vector_2
                0x00000122                __vector_21
                0x00000122                __vector_15
                0x00000122                __vector_36
                0x00000122                __vector_29
                0x00000122                __vector_40
                0x00000122                __vector_8
                0x00000122                __vector_26
                0x00000122                __vector_48
                0x00000122                __vector_14
                0x00000122                __vector_53
                0x00000122                __vector_10
                0x00000122                __vector_50
                0x00000122                __vector_16
                0x00000122                __vector_18
                0x00000122                __vector_42
                0x00000124                . = ALIGN (0x2)
 *(.text.*)
 .text.flagInit
                0x00000124       0x2e Controller/ClientController.o
                0x00000124                flagInit
 .text.pollingInit
                0x00000152       0x1a Controller/ClientController.o
                0x00000152                pollingInit
 .text.ethernetPlugInit
                0x0000016c        0xc Controller/ClientController.o
                0x0000016c                ethernetPlugInit
 .text.connectionInit
                0x00000178       0x22 Controller/ClientController.o
                0x00000178                connectionInit
 .text.clearFlags
                0x0000019a       0xfe Controller/ClientController.o
                0x0000019a                clearFlags
 .text.getHexFile
                0x00000298       0xd2 Controller/ClientController.o
                0x00000298                getHexFile
 .text.getFlagStatus
                0x0000036a      0x148 Controller/ClientController.o
                0x0000036a                getFlagStatus
 .text.__vector_20
                0x000004b2       0x76 Controller/ClientController.o
                0x000004b2                __vector_20
 .text.__vector_6
                0x00000528       0x72 Controller/ClientController.o
                0x00000528                __vector_6
 .text.ethernetInit
                0x0000059a       0x2a Drivers/Ethernet/Ethernet.o
                0x0000059a                ethernetInit
 .text.updateFileEthernet
                0x000005c4       0x6a Drivers/Ethernet/Ethernet.o
                0x000005c4                updateFileEthernet
 .text.SPI_EthernetWrite
                0x0000062e       0x28 Drivers/Ethernet/EthernetDriver.o
                0x0000062e                SPI_EthernetWrite
 .text.SPI_EthernetRead
                0x00000656       0x2a Drivers/Ethernet/EthernetDriver.o
                0x00000656                SPI_EthernetRead
 .text.NetworkSetup
                0x00000680      0x326 Drivers/Ethernet/EthernetDriver.o
                0x00000680                NetworkSetup
 .text.Server_Connect
                0x000009a6      0x13e Drivers/Ethernet/EthernetDriver.o
                0x000009a6                Server_Connect
 .text.MemoryInit
                0x00000ae4       0x3e Drivers/Ethernet/EthernetDriver.o
                0x00000ae4                MemoryInit
 .text.SocketCommand
                0x00000b22        0xa Drivers/Ethernet/EthernetDriver.o
                0x00000b22                SocketCommand
 .text.SendData
                0x00000b2c      0x210 Drivers/Ethernet/EthernetDriver.o
                0x00000b2c                SendData
 .text.SPI_FPGA_Write
                0x00000d3c        0xe Drivers/FPGA/FPGA.o
                0x00000d3c                SPI_FPGA_Write
 .text.SPI_FPGA_Init
                0x00000d4a       0x1e Drivers/FPGA/FPGA.o
                0x00000d4a                SPI_FPGA_Init
 .text.FPGA_Write
                0x00000d68       0x26 Drivers/FPGA/FPGA.o
                0x00000d68                FPGA_Write
 .text.uart_sendStream
                0x00000d8e       0x22 Drivers/Print/PrintDriver.o
                0x00000d8e                uart_sendStream
 .text.uart_receiveStream
                0x00000db0       0x1e Drivers/Print/PrintDriver.o
                0x00000db0                uart_receiveStream
 .text.uart2_init
                0x00000dce       0x2c Drivers/Print/PrintDriver.o
                0x00000dce                uart2_init
 .text.setRAMStatus
                0x00000dfa       0x18 Drivers/RAM/RAMDriver.o
                0x00000dfa                setRAMStatus
 .text.SPI_WriteAddress
                0x00000e12       0x2c Drivers/RAM/RAMDriver.o
                0x00000e12                SPI_WriteAddress
 .text.SPI_WriteData
                0x00000e3e        0xa Drivers/RAM/RAMDriver.o
                0x00000e3e                SPI_WriteData
 .text.SPI_ReadAddress
                0x00000e48       0x2c Drivers/RAM/RAMDriver.o
                0x00000e48                SPI_ReadAddress
 .text.SPI_ReadData
                0x00000e74        0xc Drivers/RAM/RAMDriver.o
                0x00000e74                SPI_ReadData
 .text.RAMPrint
                0x00000e80       0xa0 Drivers/RAM/RAMDriver.o
                0x00000e80                RAMPrint
 .text.RAMWriteByte
                0x00000f20       0x16 Drivers/RAM/RAMDriver.o
                0x00000f20                RAMWriteByte
 .text.SPI_Init
                0x00000f36       0x1c Drivers/RAM/RAMDriver.o
                0x00000f36                SPI_Init
 .text.RAMReadByte
                0x00000f52        0xa Drivers/RAM/RAMDriver.o
                0x00000f52                RAMReadByte
 .text.SPI_Switching_Circuitry_Init
                0x00000f5c       0x1c Drivers/Voltage_Switching/SwitchingCircuitry.o
                0x00000f5c                SPI_Switching_Circuitry_Init
 .text.SPI_Switching_Circuitry_Write
                0x00000f78        0xa Drivers/Voltage_Switching/SwitchingCircuitry.o
                0x00000f78                SPI_Switching_Circuitry_Write
 .text.SetShiftRegData
                0x00000f82       0x28 Drivers/Voltage_Switching/SwitchingCircuitry.o
                0x00000f82                SetShiftRegData
 .text.WriteShiftRegData
                0x00000faa       0x88 Drivers/Voltage_Switching/SwitchingCircuitry.o
                0x00000faa                WriteShiftRegData
 .text.setAtTiny2313
                0x00001032       0x92 Drivers/Voltage_Switching/SwitchingCircuitry.o
                0x00001032                setAtTiny2313
 .text.setAtMega324PA
                0x000010c4       0x96 Drivers/Voltage_Switching/SwitchingCircuitry.o
                0x000010c4                setAtMega324PA
 .text.voltageControlInit
                0x0000115a       0x14 Drivers/Voltage_Switching/VoltageControlDriver.o
                0x0000115a                voltageControlInit
 .text.enableVppRegulator
                0x0000116e        0x4 Drivers/Voltage_Switching/VoltageControlDriver.o
                0x0000116e                enableVppRegulator
 .text.disableVppRegulator
                0x00001172        0x4 Drivers/Voltage_Switching/VoltageControlDriver.o
                0x00001172                disableVppRegulator
 .text.enableVccRegulator
                0x00001176        0x4 Drivers/Voltage_Switching/VoltageControlDriver.o
                0x00001176                enableVccRegulator
 .text.disableVccRegulator
                0x0000117a        0x4 Drivers/Voltage_Switching/VoltageControlDriver.o
                0x0000117a                disableVccRegulator
 .text.setVcc   0x0000117e       0x1c Drivers/Voltage_Switching/VoltageControlDriver.o
                0x0000117e                setVcc
 .text.setVpp   0x0000119a       0x1c Drivers/Voltage_Switching/VoltageControlDriver.o
                0x0000119a                setVpp
 .text.enableVLogic
                0x000011b6        0x4 Drivers/Voltage_Switching/VoltageControlDriver.o
                0x000011b6                enableVLogic
 .text.disableVLogic
                0x000011ba        0x4 Drivers/Voltage_Switching/VoltageControlDriver.o
                0x000011ba                disableVLogic
 .text.setVLogic
                0x000011be       0x1c Drivers/Voltage_Switching/VoltageControlDriver.o
                0x000011be                setVLogic
 .text.networkConnect
                0x000011da       0x24 Drivers/Wifi/Wifi.o
                0x000011da                networkConnect
 .text.getFileWifi
                0x000011fe      0x100 Drivers/Wifi/Wifi.o
                0x000011fe                getFileWifi
 .text.updateFileWifi
                0x000012fe       0x24 Drivers/Wifi/Wifi.o
                0x000012fe                updateFileWifi
 .text.setReceiveCounter
                0x00001322        0xa Drivers/Wifi/WifiDriver.o
                0x00001322                setReceiveCounter
 .text.uart_init
                0x0000132c       0x20 Drivers/Wifi/WifiDriver.o
                0x0000132c                uart_init
 .text.uart_send
                0x0000134c       0x58 Drivers/Wifi/WifiDriver.o
                0x0000134c                uart_send
 .text.uart_receiveChar
                0x000013a4       0x10 Drivers/Wifi/WifiDriver.o
                0x000013a4                uart_receiveChar
 .text.enableReceiveINT
                0x000013b4       0x12 Drivers/Wifi/WifiDriver.o
                0x000013b4                enableReceiveINT
 .text.disableReceiveINT
                0x000013c6       0x10 Drivers/Wifi/WifiDriver.o
                0x000013c6                disableReceiveINT
 .text.receiveStatus
                0x000013d6       0x1e Drivers/Wifi/WifiDriver.o
                0x000013d6                receiveStatus
 .text.buildTransmissionLength
                0x000013f4      0x126 Drivers/Wifi/WifiDriver.o
                0x000013f4                buildTransmissionLength
 .text.getTransmissionLength
                0x0000151a        0xa Drivers/Wifi/WifiDriver.o
                0x0000151a                getTransmissionLength
 .text.getMessageHeader
                0x00001524        0x6 Drivers/Wifi/WifiDriver.o
                0x00001524                getMessageHeader
 .text.updateRAMAddress
                0x0000152a       0x12 Drivers/Wifi/WifiDriver.o
                0x0000152a                updateRAMAddress
 .text.sendCommand
                0x0000153c       0xf2 Drivers/Wifi/WifiDriver.o
                0x0000153c                sendCommand
 .text.__vector_25
                0x0000162e      0x1b0 Drivers/Wifi/WifiDriver.o
                0x0000162e                __vector_25
 .text.hexInit  0x000017de       0x18 Hex/IntelHex.o
                0x000017de                hexInit
 .text.resetRAMOffset
                0x000017f6        0xa Hex/IntelHex.o
                0x000017f6                resetRAMOffset
 .text.getHexRow
                0x00001800       0xee Hex/IntelHex.o
                0x00001800                getHexRow
 .text.verifySignature
                0x000018ee       0xb4 Program/Program.o
                0x000018ee                verifySignature
 .text.Program  0x000019a2       0xc8 Program/Program.o
                0x000019a2                Program
 .text.compressFile
                0x00001a6a       0xc2 Program/Program.o
                0x00001a6a                compressFile
 .text.ProgInit
                0x00001b2c       0x3e Program/ProgramDriver.o
                0x00001b2c                ProgInit
 .text.ApplyPullDowns
                0x00001b6a       0x80 Program/ProgramDriver.o
                0x00001b6a                ApplyPullDowns
 .text.LoadCommand
                0x00001bea       0x28 Program/ProgramDriver.o
                0x00001bea                LoadCommand
 .text.WriteWord
                0x00001c12       0x4c Program/ProgramDriver.o
                0x00001c12                WriteWord
 .text.LoadLowAddress
                0x00001c5e       0x2a Program/ProgramDriver.o
                0x00001c5e                LoadLowAddress
 .text.LoadHighAddress
                0x00001c88       0x2a Program/ProgramDriver.o
                0x00001c88                LoadHighAddress
 .text.LatchData
                0x00001cb2       0x20 Program/ProgramDriver.o
                0x00001cb2                LatchData
 .text.ProgramPage
                0x00001cd2       0x1e Program/ProgramDriver.o
                0x00001cd2                ProgramPage
 .text.EndPageProgramming
                0x00001cf0       0x26 Program/ProgramDriver.o
                0x00001cf0                EndPageProgramming
 .text.EnableProgMode
                0x00001d16       0x84 Program/ProgramDriver.o
                0x00001d16                EnableProgMode
 .text.ReadSignatureBytes
                0x00001d9a      0x18e Program/ProgramDriver.o
                0x00001d9a                ReadSignatureBytes
 .text.ReadFlash
                0x00001f28       0xe0 Program/ProgramDriver.o
                0x00001f28                ReadFlash
 .text.VerifyFlash
                0x00002008      0x1a8 Program/ProgramDriver.o
                0x00002008                VerifyFlash
 .text.ChipErase
                0x000021b0       0x42 Program/ProgramDriver.o
                0x000021b0                ChipErase
 .text.ProgramFlash
                0x000021f2      0x1ba Program/ProgramDriver.o
                0x000021f2                ProgramFlash
 .text.ExitParallelProgrammingMode
                0x000023ac       0x8c Program/ProgramDriver.o
                0x000023ac                ExitParallelProgrammingMode
 .text.main     0x00002438       0x3a wipro.o
                0x00002438                main
 .text.libgcc.div
                0x00002472       0x44 c:/program files (x86)/atmel/atmel toolchain/avr8 gcc/native/3.4.1056/avr8-gnu-toolchain/bin/../lib/gcc/avr/4.8.1/avr51\libgcc.a(_udivmodsi4.o)
                0x00002472                __udivmodsi4
 .text.libgcc.mul
                0x000024b6       0x1e c:/program files (x86)/atmel/atmel toolchain/avr8 gcc/native/3.4.1056/avr8-gnu-toolchain/bin/../lib/gcc/avr/4.8.1/avr51\libgcc.a(_umulhisi3.o)
                0x000024b6                __umulhisi3
 .text.avr-libc
                0x000024d4       0x16 c:/program files (x86)/atmel/atmel toolchain/avr8 gcc/native/3.4.1056/avr8-gnu-toolchain/bin/../lib/gcc/avr/4.8.1/../../../../avr/lib/avr51\libc.a(strcat.o)
                0x000024d4                strcat
 .text.avr-libc
                0x000024ea        0xe c:/program files (x86)/atmel/atmel toolchain/avr8 gcc/native/3.4.1056/avr8-gnu-toolchain/bin/../lib/gcc/avr/4.8.1/../../../../avr/lib/avr51\libc.a(strcpy.o)
                0x000024ea                strcpy
 .text.avr-libc
                0x000024f8       0x64 c:/program files (x86)/atmel/atmel toolchain/avr8 gcc/native/3.4.1056/avr8-gnu-toolchain/bin/../lib/gcc/avr/4.8.1/../../../../avr/lib/avr51\libc.a(fputc.o)
                0x000024f8                fputc
 .text.avr-libc
                0x0000255c       0x22 c:/program files (x86)/atmel/atmel toolchain/avr8 gcc/native/3.4.1056/avr8-gnu-toolchain/bin/../lib/gcc/avr/4.8.1/../../../../avr/lib/avr51\libc.a(printf.o)
                0x0000255c                printf
 .text.avr-libc
                0x0000257e        0xa c:/program files (x86)/atmel/atmel toolchain/avr8 gcc/native/3.4.1056/avr8-gnu-toolchain/bin/../lib/gcc/avr/4.8.1/../../../../avr/lib/avr51\libc.a(putchar.o)
                0x0000257e                putchar
 .text.avr-libc
                0x00002588       0x5a c:/program files (x86)/atmel/atmel toolchain/avr8 gcc/native/3.4.1056/avr8-gnu-toolchain/bin/../lib/gcc/avr/4.8.1/../../../../avr/lib/avr51\libc.a(puts.o)
                0x00002588                puts
 .text.avr-libc
                0x000025e2      0x3dc c:/program files (x86)/atmel/atmel toolchain/avr8 gcc/native/3.4.1056/avr8-gnu-toolchain/bin/../lib/gcc/avr/4.8.1/../../../../avr/lib/avr51\libc.a(vfprintf_std.o)
                0x000025e2                vfprintf
 .text.avr-libc
                0x000029be       0x16 c:/program files (x86)/atmel/atmel toolchain/avr8 gcc/native/3.4.1056/avr8-gnu-toolchain/bin/../lib/gcc/avr/4.8.1/../../../../avr/lib/avr51\libc.a(strnlen_P.o)
                0x000029be                strnlen_P
 .text.avr-libc
                0x000029d4       0x16 c:/program files (x86)/atmel/atmel toolchain/avr8 gcc/native/3.4.1056/avr8-gnu-toolchain/bin/../lib/gcc/avr/4.8.1/../../../../avr/lib/avr51\libc.a(strnlen.o)
                0x000029d4                strnlen
 .text.avr-libc
                0x000029ea       0xbc c:/program files (x86)/atmel/atmel toolchain/avr8 gcc/native/3.4.1056/avr8-gnu-toolchain/bin/../lib/gcc/avr/4.8.1/../../../../avr/lib/avr51\libc.a(ultoa_invert.o)
                0x000029ea                __ultoa_invert
                0x00002aa6                . = ALIGN (0x2)
 *(.fini9)
 .fini9         0x00002aa6        0x0 c:/program files (x86)/atmel/atmel toolchain/avr8 gcc/native/3.4.1056/avr8-gnu-toolchain/bin/../lib/gcc/avr/4.8.1/avr51\libgcc.a(_exit.o)
                0x00002aa6                _exit
                0x00002aa6                exit
 *(.fini9)
 *(.fini8)
 *(.fini8)
 *(.fini7)
 *(.fini7)
 *(.fini6)
 *(.fini6)
 *(.fini5)
 *(.fini5)
 *(.fini4)
 *(.fini4)
 *(.fini3)
 *(.fini3)
 *(.fini2)
 *(.fini2)
 *(.fini1)
 *(.fini1)
 *(.fini0)
 .fini0         0x00002aa6        0x4 c:/program files (x86)/atmel/atmel toolchain/avr8 gcc/native/3.4.1056/avr8-gnu-toolchain/bin/../lib/gcc/avr/4.8.1/avr51\libgcc.a(_exit.o)
 *(.fini0)
                0x00002aaa                _etext = .

.data           0x00800200      0x7c6 load address 0x00002aaa
                0x00800200                PROVIDE (__data_start, .)
 *(.data)
 .data          0x00800200        0x0 c:/program files (x86)/atmel/atmel toolchain/avr8 gcc/native/3.4.1056/avr8-gnu-toolchain/bin/../lib/gcc/avr/4.8.1/../../../../avr/lib/avr51/crtm1280.o
 .data          0x00800200        0x0 Controller/ClientController.o
 .data          0x00800200        0x0 Drivers/Ethernet/Ethernet.o
 .data          0x00800200        0x0 Drivers/Ethernet/EthernetDriver.o
 .data          0x00800200        0x0 Drivers/FPGA/FPGA.o
 .data          0x00800200        0x0 Drivers/Print/PrintDriver.o
 .data          0x00800200        0x0 Drivers/RAM/RAMDriver.o
 .data          0x00800200        0x0 Drivers/Voltage_Switching/SwitchingCircuitry.o
 .data          0x00800200        0x0 Drivers/Voltage_Switching/VoltageControlDriver.o
 .data          0x00800200        0x0 Drivers/Wifi/Wifi.o
 .data          0x00800200        0x0 Drivers/Wifi/WifiDriver.o
 .data          0x00800200        0x0 Hex/IntelHex.o
 .data          0x00800200        0x0 Program/Program.o
 .data          0x00800200        0x0 Program/ProgramDriver.o
 .data          0x00800200        0x0 wipro.o
 .data          0x00800200        0x0 c:/program files (x86)/atmel/atmel toolchain/avr8 gcc/native/3.4.1056/avr8-gnu-toolchain/bin/../lib/gcc/avr/4.8.1/avr51\libgcc.a(_udivmodsi4.o)
 .data          0x00800200        0x0 c:/program files (x86)/atmel/atmel toolchain/avr8 gcc/native/3.4.1056/avr8-gnu-toolchain/bin/../lib/gcc/avr/4.8.1/avr51\libgcc.a(_exit.o)
 .data          0x00800200        0x0 c:/program files (x86)/atmel/atmel toolchain/avr8 gcc/native/3.4.1056/avr8-gnu-toolchain/bin/../lib/gcc/avr/4.8.1/avr51\libgcc.a(_copy_data.o)
 .data          0x00800200        0x0 c:/program files (x86)/atmel/atmel toolchain/avr8 gcc/native/3.4.1056/avr8-gnu-toolchain/bin/../lib/gcc/avr/4.8.1/avr51\libgcc.a(_clear_bss.o)
 .data          0x00800200        0x0 c:/program files (x86)/atmel/atmel toolchain/avr8 gcc/native/3.4.1056/avr8-gnu-toolchain/bin/../lib/gcc/avr/4.8.1/avr51\libgcc.a(_umulhisi3.o)
 .data          0x00800200        0x0 c:/program files (x86)/atmel/atmel toolchain/avr8 gcc/native/3.4.1056/avr8-gnu-toolchain/bin/../lib/gcc/avr/4.8.1/../../../../avr/lib/avr51\libc.a(strcat.o)
 .data          0x00800200        0x0 c:/program files (x86)/atmel/atmel toolchain/avr8 gcc/native/3.4.1056/avr8-gnu-toolchain/bin/../lib/gcc/avr/4.8.1/../../../../avr/lib/avr51\libc.a(strcpy.o)
 .data          0x00800200        0x0 c:/program files (x86)/atmel/atmel toolchain/avr8 gcc/native/3.4.1056/avr8-gnu-toolchain/bin/../lib/gcc/avr/4.8.1/../../../../avr/lib/avr51\libc.a(fputc.o)
 .data          0x00800200        0x0 c:/program files (x86)/atmel/atmel toolchain/avr8 gcc/native/3.4.1056/avr8-gnu-toolchain/bin/../lib/gcc/avr/4.8.1/../../../../avr/lib/avr51\libc.a(iob.o)
 .data          0x00800200        0x0 c:/program files (x86)/atmel/atmel toolchain/avr8 gcc/native/3.4.1056/avr8-gnu-toolchain/bin/../lib/gcc/avr/4.8.1/../../../../avr/lib/avr51\libc.a(printf.o)
 .data          0x00800200        0x0 c:/program files (x86)/atmel/atmel toolchain/avr8 gcc/native/3.4.1056/avr8-gnu-toolchain/bin/../lib/gcc/avr/4.8.1/../../../../avr/lib/avr51\libc.a(putchar.o)
 .data          0x00800200        0x0 c:/program files (x86)/atmel/atmel toolchain/avr8 gcc/native/3.4.1056/avr8-gnu-toolchain/bin/../lib/gcc/avr/4.8.1/../../../../avr/lib/avr51\libc.a(puts.o)
 .data          0x00800200        0x0 c:/program files (x86)/atmel/atmel toolchain/avr8 gcc/native/3.4.1056/avr8-gnu-toolchain/bin/../lib/gcc/avr/4.8.1/../../../../avr/lib/avr51\libc.a(vfprintf_std.o)
 .data          0x00800200        0x0 c:/program files (x86)/atmel/atmel toolchain/avr8 gcc/native/3.4.1056/avr8-gnu-toolchain/bin/../lib/gcc/avr/4.8.1/../../../../avr/lib/avr51\libc.a(strnlen_P.o)
 .data          0x00800200        0x0 c:/program files (x86)/atmel/atmel toolchain/avr8 gcc/native/3.4.1056/avr8-gnu-toolchain/bin/../lib/gcc/avr/4.8.1/../../../../avr/lib/avr51\libc.a(strnlen.o)
 .data          0x00800200        0x0 c:/program files (x86)/atmel/atmel toolchain/avr8 gcc/native/3.4.1056/avr8-gnu-toolchain/bin/../lib/gcc/avr/4.8.1/../../../../avr/lib/avr51\libc.a(ultoa_invert.o)
 *(.data*)
 .data.source_port
                0x00800200        0x2 Drivers/Ethernet/Ethernet.o
                0x00800200                source_port
 .data.server_port
                0x00800202        0x2 Drivers/Ethernet/Ethernet.o
                0x00800202                server_port
 .data.server_ip_addr
                0x00800204        0x4 Drivers/Ethernet/Ethernet.o
                0x00800204                server_ip_addr
 .data.gtw_addr
                0x00800208        0x4 Drivers/Ethernet/Ethernet.o
                0x00800208                gtw_addr
 .data.sub_mask
                0x0080020c        0x4 Drivers/Ethernet/Ethernet.o
                0x0080020c                sub_mask
 .data.local_ip_addr
                0x00800210        0x4 Drivers/Ethernet/Ethernet.o
                0x00800210                local_ip_addr
 .data.mac_addr
                0x00800214        0x6 Drivers/Ethernet/Ethernet.o
                0x00800214                mac_addr
 .data.gl_source_port
                0x0080021a        0x2 Drivers/Ethernet/EthernetDriver.o
                0x0080021a                gl_source_port
 .data.gl_server_port
                0x0080021c        0x2 Drivers/Ethernet/EthernetDriver.o
                0x0080021c                gl_server_port
 .data.gl_server_ip_addr
                0x0080021e        0x4 Drivers/Ethernet/EthernetDriver.o
                0x0080021e                gl_server_ip_addr
 .data.uart_stream
                0x00800222        0xe Drivers/Print/PrintDriver.o
                0x00800222                uart_stream
 *(.rodata)
 .rodata        0x00800230        0x5 Drivers/Voltage_Switching/SwitchingCircuitry.o
 *(.rodata*)
 .rodata.str1.1
                0x00800235      0x195 Controller/ClientController.o
 .rodata.str1.1
                0x008003ca       0x2c Drivers/Ethernet/Ethernet.o
                                 0x44 (size before relaxing)
 .rodata.str1.1
                0x008003f6      0x241 Drivers/Ethernet/EthernetDriver.o
 .rodata.str1.1
                0x00800637       0x24 Drivers/RAM/RAMDriver.o
 .rodata.str1.1
                0x0080065b       0xec Drivers/Wifi/Wifi.o
                                0x107 (size before relaxing)
 .rodata.str1.1
                0x00800747       0xa1 Drivers/Wifi/WifiDriver.o
                                 0xb0 (size before relaxing)
 .rodata.str1.1
                0x008007e8       0x1e Hex/IntelHex.o
                                 0x26 (size before relaxing)
 .rodata.str1.1
                0x00800806      0x111 Program/Program.o
                                0x11d (size before relaxing)
 .rodata.str1.1
                0x00800917       0x93 Program/ProgramDriver.o
                                 0xa8 (size before relaxing)
 .rodata.str1.1
                0x008009aa       0x1b wipro.o
 *(.gnu.linkonce.d*)
                0x008009c6                . = ALIGN (0x2)
 *fill*         0x008009c5        0x1 
                0x008009c6                _edata = .
                0x008009c6                PROVIDE (__data_end, .)

.bss            0x008009c6      0x1e7
                0x008009c6                PROVIDE (__bss_start, .)
 *(.bss)
 *(.bss*)
 .bss.SignatureBytes.1866
                0x008009c6        0x3 Program/ProgramDriver.o
 *(COMMON)
 COMMON         0x008009c9       0x6e Controller/ClientController.o
                0x008009c9                filepath
                0x00800a2d                signatureBytes
                0x00800a31                Flags
 COMMON         0x00800a37       0x96 Drivers/Ethernet/Ethernet.o
                0x00800a37                httpBuff
 COMMON         0x00800acd        0x8 Drivers/Ethernet/EthernetDriver.o
                0x00800acd                S0_TX_MASK
                0x00800acf                S0_TX_BASE
                0x00800ad1                S0_RX_BASE
                0x00800ad3                S0_RX_MASK
 COMMON         0x00800ad5       0x1e Drivers/Voltage_Switching/SwitchingCircuitry.o
                0x00800ad5                ShiftRegData
 COMMON         0x00800af3       0x80 Drivers/Wifi/WifiDriver.o
                0x00800af3                endHeaderFlag
                0x00800af4                multiReceiveFlag
                0x00800af5                headerBuffer
                0x00800afe                buff
                0x00800aff                compressBuff
                0x00800b00                testPrint
                0x00800b02                i
                0x00800b04                secondNibble
                0x00800b05                compressFlag
                0x00800b06                transLength
                0x00800b08                RAMAddress
                0x00800b0c                bufferStart
                0x00800b0e                receiveWifiFlag
                0x00800b0f                fullCommand
 COMMON         0x00800b73       0x34 Hex/IntelHex.o
                0x00800b73                hexRow
                0x00800ba5                RAMOffset
 COMMON         0x00800ba7        0x6 c:/program files (x86)/atmel/atmel toolchain/avr8 gcc/native/3.4.1056/avr8-gnu-toolchain/bin/../lib/gcc/avr/4.8.1/../../../../avr/lib/avr51\libc.a(iob.o)
                0x00800ba7                __iob
                0x00800bad                PROVIDE (__bss_end, .)
                0x00002aaa                __data_load_start = LOADADDR (.data)
                0x00003270                __data_load_end = (__data_load_start + SIZEOF (.data))

.noinit         0x00800bad        0x0
                0x00800bad                PROVIDE (__noinit_start, .)
 *(.noinit*)
                0x00800bad                PROVIDE (__noinit_end, .)
                0x00800bad                _end = .
                0x00800bad                PROVIDE (__heap_start, .)

.eeprom         0x00810000        0x0
 *(.eeprom*)
                0x00810000                __eeprom_end = .

.fuse
 *(.fuse)
 *(.lfuse)
 *(.hfuse)
 *(.efuse)

.lock
 *(.lock*)

.signature
 *(.signature*)

.user_signatures
 *(.user_signatures*)

.stab
 *(.stab)

.stabstr
 *(.stabstr)

.stab.excl
 *(.stab.excl)

.stab.exclstr
 *(.stab.exclstr)

.stab.index
 *(.stab.index)

.stab.indexstr
 *(.stab.indexstr)

.comment        0x00000000       0x5c
 *(.comment)
 .comment       0x00000000       0x30 Controller/ClientController.o
                                 0x31 (size before relaxing)
 .comment       0x00000000       0x31 Drivers/Ethernet/Ethernet.o
 .comment       0x00000000       0x31 Drivers/Ethernet/EthernetDriver.o
 .comment       0x00000000       0x31 Drivers/FPGA/FPGA.o
 .comment       0x00000000       0x31 Drivers/Print/PrintDriver.o
 .comment       0x00000000       0x31 Drivers/RAM/RAMDriver.o
 .comment       0x00000000       0x31 Drivers/Voltage_Switching/SwitchingCircuitry.o
 .comment       0x00000000       0x31 Drivers/Voltage_Switching/VoltageControlDriver.o
 .comment       0x00000000       0x31 Drivers/Wifi/Wifi.o
 .comment       0x00000000       0x31 Drivers/Wifi/WifiDriver.o
 .comment       0x00000000       0x31 Hex/IntelHex.o
 .comment       0x00000000       0x31 Program/Program.o
 .comment       0x00000000       0x31 Program/ProgramDriver.o
 .comment       0x00000000       0x31 wipro.o
 .comment       0x00000000       0x31 c:/program files (x86)/atmel/atmel toolchain/avr8 gcc/native/3.4.1056/avr8-gnu-toolchain/bin/../lib/gcc/avr/4.8.1/../../../../avr/lib/avr51\libc.a(fputc.o)
 .comment       0x00000000       0x31 c:/program files (x86)/atmel/atmel toolchain/avr8 gcc/native/3.4.1056/avr8-gnu-toolchain/bin/../lib/gcc/avr/4.8.1/../../../../avr/lib/avr51\libc.a(iob.o)
 .comment       0x00000000       0x31 c:/program files (x86)/atmel/atmel toolchain/avr8 gcc/native/3.4.1056/avr8-gnu-toolchain/bin/../lib/gcc/avr/4.8.1/../../../../avr/lib/avr51\libc.a(printf.o)
 .comment       0x00000000       0x31 c:/program files (x86)/atmel/atmel toolchain/avr8 gcc/native/3.4.1056/avr8-gnu-toolchain/bin/../lib/gcc/avr/4.8.1/../../../../avr/lib/avr51\libc.a(putchar.o)
 .comment       0x00000000       0x31 c:/program files (x86)/atmel/atmel toolchain/avr8 gcc/native/3.4.1056/avr8-gnu-toolchain/bin/../lib/gcc/avr/4.8.1/../../../../avr/lib/avr51\libc.a(puts.o)
 .comment       0x00000030       0x2c c:/program files (x86)/atmel/atmel toolchain/avr8 gcc/native/3.4.1056/avr8-gnu-toolchain/bin/../lib/gcc/avr/4.8.1/../../../../avr/lib/avr51\libc.a(vfprintf_std.o)
                                 0x2d (size before relaxing)

.note.gnu.build-id
 *(.note.gnu.build-id)

.debug
 *(.debug)

.line
 *(.line)

.debug_srcinfo
 *(.debug_srcinfo)

.debug_sfnames
 *(.debug_sfnames)

.debug_aranges  0x00000000      0x560
 *(.debug_aranges)
 .debug_aranges
                0x00000000       0x70 Controller/ClientController.o
 .debug_aranges
                0x00000070       0x38 Drivers/Ethernet/Ethernet.o
 .debug_aranges
                0x000000a8       0x80 Drivers/Ethernet/EthernetDriver.o
 .debug_aranges
                0x00000128       0x30 Drivers/FPGA/FPGA.o
 .debug_aranges
                0x00000158       0x60 Drivers/Print/PrintDriver.o
 .debug_aranges
                0x000001b8       0x80 Drivers/RAM/RAMDriver.o
 .debug_aranges
                0x00000238       0x58 Drivers/Voltage_Switching/SwitchingCircuitry.o
 .debug_aranges
                0x00000290       0x80 Drivers/Voltage_Switching/VoltageControlDriver.o
 .debug_aranges
                0x00000310       0x68 Drivers/Wifi/Wifi.o
 .debug_aranges
                0x00000378       0xc0 Drivers/Wifi/WifiDriver.o
 .debug_aranges
                0x00000438       0x30 Hex/IntelHex.o
 .debug_aranges
                0x00000468       0x40 Program/Program.o
 .debug_aranges
                0x000004a8       0x98 Program/ProgramDriver.o
 .debug_aranges
                0x00000540       0x20 wipro.o

.debug_pubnames
 *(.debug_pubnames)

.debug_info     0x00000000     0x6483
 *(.debug_info .gnu.linkonce.wi.*)
 .debug_info    0x00000000      0x849 Controller/ClientController.o
 .debug_info    0x00000849      0x4ef Drivers/Ethernet/Ethernet.o
 .debug_info    0x00000d38     0x12c7 Drivers/Ethernet/EthernetDriver.o
 .debug_info    0x00001fff      0x112 Drivers/FPGA/FPGA.o
 .debug_info    0x00002111      0x497 Drivers/Print/PrintDriver.o
 .debug_info    0x000025a8      0x4c8 Drivers/RAM/RAMDriver.o
 .debug_info    0x00002a70      0x479 Drivers/Voltage_Switching/SwitchingCircuitry.o
 .debug_info    0x00002ee9      0x1cc Drivers/Voltage_Switching/VoltageControlDriver.o
 .debug_info    0x000030b5      0x9af Drivers/Wifi/Wifi.o
 .debug_info    0x00003a64      0x76e Drivers/Wifi/WifiDriver.o
 .debug_info    0x000041d2      0x1fd Hex/IntelHex.o
 .debug_info    0x000043cf      0x6dd Program/Program.o
 .debug_info    0x00004aac     0x178d Program/ProgramDriver.o
 .debug_info    0x00006239      0x24a wipro.o

.debug_abbrev   0x00000000     0x1949
 *(.debug_abbrev)
 .debug_abbrev  0x00000000      0x20a Controller/ClientController.o
 .debug_abbrev  0x0000020a      0x19f Drivers/Ethernet/Ethernet.o
 .debug_abbrev  0x000003a9      0x306 Drivers/Ethernet/EthernetDriver.o
 .debug_abbrev  0x000006af       0xad Drivers/FPGA/FPGA.o
 .debug_abbrev  0x0000075c      0x1e3 Drivers/Print/PrintDriver.o
 .debug_abbrev  0x0000093f      0x17c Drivers/RAM/RAMDriver.o
 .debug_abbrev  0x00000abb      0x1b0 Drivers/Voltage_Switching/SwitchingCircuitry.o
 .debug_abbrev  0x00000c6b       0x94 Drivers/Voltage_Switching/VoltageControlDriver.o
 .debug_abbrev  0x00000cff      0x19a Drivers/Wifi/Wifi.o
 .debug_abbrev  0x00000e99      0x2d5 Drivers/Wifi/WifiDriver.o
 .debug_abbrev  0x0000116e      0x12a Hex/IntelHex.o
 .debug_abbrev  0x00001298      0x23b Program/Program.o
 .debug_abbrev  0x000014d3      0x327 Program/ProgramDriver.o
 .debug_abbrev  0x000017fa      0x14f wipro.o

.debug_line     0x00000000     0x3811
 *(.debug_line .debug_line.* .debug_line_end)
 .debug_line    0x00000000      0x4fa Controller/ClientController.o
 .debug_line    0x000004fa      0x1af Drivers/Ethernet/Ethernet.o
 .debug_line    0x000006a9      0x768 Drivers/Ethernet/EthernetDriver.o
 .debug_line    0x00000e11      0x127 Drivers/FPGA/FPGA.o
 .debug_line    0x00000f38      0x278 Drivers/Print/PrintDriver.o
 .debug_line    0x000011b0      0x3f9 Drivers/RAM/RAMDriver.o
 .debug_line    0x000015a9      0x3ef Drivers/Voltage_Switching/SwitchingCircuitry.o
 .debug_line    0x00001998      0x1a0 Drivers/Voltage_Switching/VoltageControlDriver.o
 .debug_line    0x00001b38      0x372 Drivers/Wifi/Wifi.o
 .debug_line    0x00001eaa      0x61e Drivers/Wifi/WifiDriver.o
 .debug_line    0x000024c8      0x1a3 Hex/IntelHex.o
 .debug_line    0x0000266b      0x40c Program/Program.o
 .debug_line    0x00002a77      0xc30 Program/ProgramDriver.o
 .debug_line    0x000036a7      0x16a wipro.o

.debug_frame    0x00000000     0x1304
 *(.debug_frame)
 .debug_frame   0x00000000      0x1f0 Controller/ClientController.o
 .debug_frame   0x000001f0       0xbc Drivers/Ethernet/Ethernet.o
 .debug_frame   0x000002ac      0x338 Drivers/Ethernet/EthernetDriver.o
 .debug_frame   0x000005e4       0x44 Drivers/FPGA/FPGA.o
 .debug_frame   0x00000628       0xdc Drivers/Print/PrintDriver.o
 .debug_frame   0x00000704      0x19c Drivers/RAM/RAMDriver.o
 .debug_frame   0x000008a0       0xe8 Drivers/Voltage_Switching/SwitchingCircuitry.o
 .debug_frame   0x00000988       0xe4 Drivers/Voltage_Switching/VoltageControlDriver.o
 .debug_frame   0x00000a6c      0x194 Drivers/Wifi/Wifi.o
 .debug_frame   0x00000c00      0x28c Drivers/Wifi/WifiDriver.o
 .debug_frame   0x00000e8c       0x94 Hex/IntelHex.o
 .debug_frame   0x00000f20      0x15c Program/Program.o
 .debug_frame   0x0000107c      0x264 Program/ProgramDriver.o
 .debug_frame   0x000012e0       0x24 wipro.o

.debug_str      0x00000000      0xeaf
 *(.debug_str)
 .debug_str     0x00000000      0x320 Controller/ClientController.o
                                0x36c (size before relaxing)
 .debug_str     0x00000320       0xdb Drivers/Ethernet/Ethernet.o
                                0x2bc (size before relaxing)
 .debug_str     0x000003fb      0x200 Drivers/Ethernet/EthernetDriver.o
                                0x441 (size before relaxing)
 .debug_str     0x000005fb       0x53 Drivers/FPGA/FPGA.o
                                0x1b6 (size before relaxing)
 .debug_str     0x0000064e       0xba Drivers/Print/PrintDriver.o
                                0x22f (size before relaxing)
 .debug_str     0x00000708       0xb3 Drivers/RAM/RAMDriver.o
                                0x25f (size before relaxing)
 .debug_str     0x000007bb       0xed Drivers/Voltage_Switching/SwitchingCircuitry.o
                                0x2b0 (size before relaxing)
 .debug_str     0x000008a8      0x187 Drivers/Voltage_Switching/VoltageControlDriver.o
                                0x23e (size before relaxing)
 .debug_str     0x00000a2f      0x126 Drivers/Wifi/Wifi.o
                                0x347 (size before relaxing)
 .debug_str     0x00000b55      0x164 Drivers/Wifi/WifiDriver.o
                                0x454 (size before relaxing)
 .debug_str     0x00000cb9       0x42 Hex/IntelHex.o
                                0x1ed (size before relaxing)
 .debug_str     0x00000cfb       0xfa Program/Program.o
                                0x31c (size before relaxing)
 .debug_str     0x00000df5       0xa8 Program/ProgramDriver.o
                                0x487 (size before relaxing)
 .debug_str     0x00000e9d       0x12 wipro.o
                                0x1fe (size before relaxing)

.debug_loc      0x00000000     0x3fff
 *(.debug_loc)
 .debug_loc     0x00000000      0x4cc Controller/ClientController.o
 .debug_loc     0x000004cc      0x28c Drivers/Ethernet/Ethernet.o
 .debug_loc     0x00000758     0x10df Drivers/Ethernet/EthernetDriver.o
 .debug_loc     0x00001837       0x50 Drivers/FPGA/FPGA.o
 .debug_loc     0x00001887      0x22e Drivers/Print/PrintDriver.o
 .debug_loc     0x00001ab5      0x553 Drivers/RAM/RAMDriver.o
 .debug_loc     0x00002008      0x218 Drivers/Voltage_Switching/SwitchingCircuitry.o
 .debug_loc     0x00002220       0x63 Drivers/Voltage_Switching/VoltageControlDriver.o
 .debug_loc     0x00002283      0x638 Drivers/Wifi/Wifi.o
 .debug_loc     0x000028bb      0x62d Drivers/Wifi/WifiDriver.o
 .debug_loc     0x00002ee8      0x202 Hex/IntelHex.o
 .debug_loc     0x000030ea      0x623 Program/Program.o
 .debug_loc     0x0000370d      0x8f2 Program/ProgramDriver.o

.debug_macinfo
 *(.debug_macinfo)

.debug_weaknames
 *(.debug_weaknames)

.debug_funcnames
 *(.debug_funcnames)

.debug_typenames
 *(.debug_typenames)

.debug_varnames
 *(.debug_varnames)

.debug_pubtypes
 *(.debug_pubtypes)

.debug_ranges   0x00000000      0x4e8
 *(.debug_ranges)
 .debug_ranges  0x00000000       0x60 Controller/ClientController.o
 .debug_ranges  0x00000060       0x28 Drivers/Ethernet/Ethernet.o
 .debug_ranges  0x00000088       0x88 Drivers/Ethernet/EthernetDriver.o
 .debug_ranges  0x00000110       0x20 Drivers/FPGA/FPGA.o
 .debug_ranges  0x00000130       0x50 Drivers/Print/PrintDriver.o
 .debug_ranges  0x00000180       0x70 Drivers/RAM/RAMDriver.o
 .debug_ranges  0x000001f0       0x48 Drivers/Voltage_Switching/SwitchingCircuitry.o
 .debug_ranges  0x00000238       0x70 Drivers/Voltage_Switching/VoltageControlDriver.o
 .debug_ranges  0x000002a8       0x58 Drivers/Wifi/Wifi.o
 .debug_ranges  0x00000300       0xb0 Drivers/Wifi/WifiDriver.o
 .debug_ranges  0x000003b0       0x20 Hex/IntelHex.o
 .debug_ranges  0x000003d0       0x60 Program/Program.o
 .debug_ranges  0x00000430       0xa8 Program/ProgramDriver.o
 .debug_ranges  0x000004d8       0x10 wipro.o

.debug_macro
 *(.debug_macro)
OUTPUT(wipro.elf elf32-avr)
LOAD linker stubs
